Archive member included to satisfy reference by file (symbol)

c:/program files (x86)/atmel/studio/7.0/toolchain/avr8/avr8-gnu-toolchain/bin/../lib/gcc/avr/5.4.0/../../../../avr/lib/avrxmega6\libm.a(addsf3.o)
                              main.o (__subsf3)
c:/program files (x86)/atmel/studio/7.0/toolchain/avr8/avr8-gnu-toolchain/bin/../lib/gcc/avr/5.4.0/../../../../avr/lib/avrxmega6\libm.a(addsf3x.o)
                              c:/program files (x86)/atmel/studio/7.0/toolchain/avr8/avr8-gnu-toolchain/bin/../lib/gcc/avr/5.4.0/../../../../avr/lib/avrxmega6\libm.a(addsf3.o) (__addsf3x)
c:/program files (x86)/atmel/studio/7.0/toolchain/avr8/avr8-gnu-toolchain/bin/../lib/gcc/avr/5.4.0/../../../../avr/lib/avrxmega6\libm.a(cmpsf2.o)
                              NHD0420Driver.o (__eqsf2)
c:/program files (x86)/atmel/studio/7.0/toolchain/avr8/avr8-gnu-toolchain/bin/../lib/gcc/avr/5.4.0/../../../../avr/lib/avrxmega6\libm.a(divsf3.o)
                              main.o (__divsf3)
c:/program files (x86)/atmel/studio/7.0/toolchain/avr8/avr8-gnu-toolchain/bin/../lib/gcc/avr/5.4.0/../../../../avr/lib/avrxmega6\libm.a(divsf3x.o)
                              c:/program files (x86)/atmel/studio/7.0/toolchain/avr8/avr8-gnu-toolchain/bin/../lib/gcc/avr/5.4.0/../../../../avr/lib/avrxmega6\libm.a(divsf3.o) (__divsf3x)
c:/program files (x86)/atmel/studio/7.0/toolchain/avr8/avr8-gnu-toolchain/bin/../lib/gcc/avr/5.4.0/../../../../avr/lib/avrxmega6\libm.a(fixsfsi.o)
                              NHD0420Driver.o (__fixsfsi)
c:/program files (x86)/atmel/studio/7.0/toolchain/avr8/avr8-gnu-toolchain/bin/../lib/gcc/avr/5.4.0/../../../../avr/lib/avrxmega6\libm.a(fixunssfsi.o)
                              c:/program files (x86)/atmel/studio/7.0/toolchain/avr8/avr8-gnu-toolchain/bin/../lib/gcc/avr/5.4.0/../../../../avr/lib/avrxmega6\libm.a(fixsfsi.o) (__fixunssfsi)
c:/program files (x86)/atmel/studio/7.0/toolchain/avr8/avr8-gnu-toolchain/bin/../lib/gcc/avr/5.4.0/../../../../avr/lib/avrxmega6\libm.a(floatsisf.o)
                              main.o (__floatunsisf)
c:/program files (x86)/atmel/studio/7.0/toolchain/avr8/avr8-gnu-toolchain/bin/../lib/gcc/avr/5.4.0/../../../../avr/lib/avrxmega6\libm.a(fp_cmp.o)
                              c:/program files (x86)/atmel/studio/7.0/toolchain/avr8/avr8-gnu-toolchain/bin/../lib/gcc/avr/5.4.0/../../../../avr/lib/avrxmega6\libm.a(cmpsf2.o) (__fp_cmp)
c:/program files (x86)/atmel/studio/7.0/toolchain/avr8/avr8-gnu-toolchain/bin/../lib/gcc/avr/5.4.0/../../../../avr/lib/avrxmega6\libm.a(fp_inf.o)
                              c:/program files (x86)/atmel/studio/7.0/toolchain/avr8/avr8-gnu-toolchain/bin/../lib/gcc/avr/5.4.0/../../../../avr/lib/avrxmega6\libm.a(addsf3x.o) (__fp_inf)
c:/program files (x86)/atmel/studio/7.0/toolchain/avr8/avr8-gnu-toolchain/bin/../lib/gcc/avr/5.4.0/../../../../avr/lib/avrxmega6\libm.a(fp_nan.o)
                              c:/program files (x86)/atmel/studio/7.0/toolchain/avr8/avr8-gnu-toolchain/bin/../lib/gcc/avr/5.4.0/../../../../avr/lib/avrxmega6\libm.a(addsf3x.o) (__fp_nan)
c:/program files (x86)/atmel/studio/7.0/toolchain/avr8/avr8-gnu-toolchain/bin/../lib/gcc/avr/5.4.0/../../../../avr/lib/avrxmega6\libm.a(fp_pscA.o)
                              c:/program files (x86)/atmel/studio/7.0/toolchain/avr8/avr8-gnu-toolchain/bin/../lib/gcc/avr/5.4.0/../../../../avr/lib/avrxmega6\libm.a(addsf3x.o) (__fp_pscA)
c:/program files (x86)/atmel/studio/7.0/toolchain/avr8/avr8-gnu-toolchain/bin/../lib/gcc/avr/5.4.0/../../../../avr/lib/avrxmega6\libm.a(fp_pscB.o)
                              c:/program files (x86)/atmel/studio/7.0/toolchain/avr8/avr8-gnu-toolchain/bin/../lib/gcc/avr/5.4.0/../../../../avr/lib/avrxmega6\libm.a(addsf3x.o) (__fp_pscB)
c:/program files (x86)/atmel/studio/7.0/toolchain/avr8/avr8-gnu-toolchain/bin/../lib/gcc/avr/5.4.0/../../../../avr/lib/avrxmega6\libm.a(fp_round.o)
                              c:/program files (x86)/atmel/studio/7.0/toolchain/avr8/avr8-gnu-toolchain/bin/../lib/gcc/avr/5.4.0/../../../../avr/lib/avrxmega6\libm.a(addsf3.o) (__fp_round)
c:/program files (x86)/atmel/studio/7.0/toolchain/avr8/avr8-gnu-toolchain/bin/../lib/gcc/avr/5.4.0/../../../../avr/lib/avrxmega6\libm.a(fp_split3.o)
                              c:/program files (x86)/atmel/studio/7.0/toolchain/avr8/avr8-gnu-toolchain/bin/../lib/gcc/avr/5.4.0/../../../../avr/lib/avrxmega6\libm.a(addsf3x.o) (__fp_split3)
c:/program files (x86)/atmel/studio/7.0/toolchain/avr8/avr8-gnu-toolchain/bin/../lib/gcc/avr/5.4.0/../../../../avr/lib/avrxmega6\libm.a(fp_zero.o)
                              c:/program files (x86)/atmel/studio/7.0/toolchain/avr8/avr8-gnu-toolchain/bin/../lib/gcc/avr/5.4.0/../../../../avr/lib/avrxmega6\libm.a(addsf3x.o) (__fp_zero)
c:/program files (x86)/atmel/studio/7.0/toolchain/avr8/avr8-gnu-toolchain/bin/../lib/gcc/avr/5.4.0/../../../../avr/lib/avrxmega6\libm.a(gesf2.o)
                              NHD0420Driver.o (__gesf2)
[...]
Memory Configuration

Name             Origin             Length             Attributes
text             0x00000000         0x00100000         xr
data             0x00802000         0x0000ffa0         rw !x
eeprom           0x00810000         0x00010000         rw !x
fuse             0x00820000         0x00000006         rw !x
lock             0x00830000         0x00000400         rw !x
signature        0x00840000         0x00000400         rw !x
user_signatures  0x00850000         0x00000400         rw !x
*default*        0x00000000         0xffffffff

Linker script and memory map

LOAD C:/Program Files (x86)/Atmel/Studio/7.0/Packs/atmel/XMEGAA_DFP/1.1.68/gcc/dev/atxmega128a3u/avrxmega6/crtatxmega128a3u.o
LOAD ButtonHandler.o
LOAD driver/clksys_driver.o
LOAD driver/pmic_driver.o
LOAD driver/port_driver.o
LOAD driver/TC_driver.o
LOAD errorHandler.o
LOAD FreeRTOS/croutine.o
LOAD FreeRTOS/event_groups.o
LOAD FreeRTOS/heap_1.o
LOAD FreeRTOS/list.o
LOAD FreeRTOS/port.o
LOAD FreeRTOS/queue.o
LOAD FreeRTOS/stream_buffer.o
LOAD FreeRTOS/tasks.o
LOAD FreeRTOS/timers.o
LOAD init.o
LOAD main.o
LOAD mem_check.o
LOAD NHD0420Driver.o
LOAD utils.o
START GROUP
LOAD c:/program files (x86)/atmel/studio/7.0/toolchain/avr8/avr8-gnu-toolchain/bin/../lib/gcc/avr/5.4.0/../../../../avr/lib/avrxmega6\libm.a
END GROUP
LOAD c:/program files (x86)/atmel/studio/7.0/toolchain/avr8/avr8-gnu-toolchain/bin/../lib/gcc/avr/5.4.0/../../../../avr/lib/avrxmega6\libprintf_flt.a
START GROUP
LOAD c:/program files (x86)/atmel/studio/7.0/toolchain/avr8/avr8-gnu-toolchain/bin/../lib/gcc/avr/5.4.0/avrxmega6\libgcc.a
LOAD c:/program files (x86)/atmel/studio/7.0/toolchain/avr8/avr8-gnu-toolchain/bin/../lib/gcc/avr/5.4.0/../../../../avr/lib/avrxmega6\libm.a
LOAD c:/program files (x86)/atmel/studio/7.0/toolchain/avr8/avr8-gnu-toolchain/bin/../lib/gcc/avr/5.4.0/../../../../avr/lib/avrxmega6\libc.a
LOAD C:/Program Files (x86)/Atmel/Studio/7.0/Packs/atmel/XMEGAA_DFP/1.1.68/gcc/dev/atxmega128a3u/avrxmega6\libatxmega128a3u.a
END GROUP
                0x00100000                __TEXT_REGION_LENGTH__ = DEFINED (__TEXT_REGION_LENGTH__)?__TEXT_REGION_LENGTH__:0x100000
                0x0000ffa0                __DATA_REGION_LENGTH__ = DEFINED (__DATA_REGION_LENGTH__)?__DATA_REGION_LENGTH__:0xffa0
                0x00010000                __EEPROM_REGION_LENGTH__ = DEFINED (__EEPROM_REGION_LENGTH__)?__EEPROM_REGION_LENGTH__:0x10000
                [0x00000006]                __FUSE_REGION_LENGTH__ = DEFINED (__FUSE_REGION_LENGTH__)?__FUSE_REGION_LENGTH__:0x400
                0x00000400                __LOCK_REGION_LENGTH__ = DEFINED (__LOCK_REGION_LENGTH__)?__LOCK_REGION_LENGTH__:0x400
                0x00000400                __SIGNATURE_REGION_LENGTH__ = DEFINED (__SIGNATURE_REGION_LENGTH__)?__SIGNATURE_REGION_LENGTH__:0x400
                0x00000400                __USER_SIGNATURE_REGION_LENGTH__ = DEFINED (__USER_SIGNATURE_REGION_LENGTH__)?__USER_SIGNATURE_REGION_LENGTH__:0x400

.hash
 *(.hash)

.dynsym
 *(.dynsym)

.dynstr
 *(.dynstr)

.gnu.version
 *(.gnu.version)

.gnu.version_d
 *(.gnu.version_d)

.gnu.version_r
 *(.gnu.version_r)

.rel.init
 *(.rel.init)

.rela.init
 *(.rela.init)

.rel.text
 *(.rel.text)
 *(.rel.text.*)
 *(.rel.gnu.linkonce.t*)

.rela.text
 *(.rela.text)
 *(.rela.text.*)
 *(.rela.gnu.linkonce.t*)

.rel.fini
 *(.rel.fini)

.rela.fini
 *(.rela.fini)

.rel.rodata
 *(.rel.rodata)
 *(.rel.rodata.*)
 *(.rel.gnu.linkonce.r*)

.rela.rodata
 *(.rela.rodata)
 *(.rela.rodata.*)
 *(.rela.gnu.linkonce.r*)

.rel.data
 *(.rel.data)
 *(.rel.data.*)
 *(.rel.gnu.linkonce.d*)

.rela.data
 *(.rela.data)
 *(.rela.data.*)
 *(.rela.gnu.linkonce.d*)

.rel.ctors
 *(.rel.ctors)

.rela.ctors
 *(.rela.ctors)

.rel.dtors
 *(.rel.dtors)

.rela.dtors
 *(.rela.dtors)

.rel.got
 *(.rel.got)

.rela.got
 *(.rela.got)

.rel.bss
 *(.rel.bss)

.rela.bss
 *(.rela.bss)

.rel.plt
 *(.rel.plt)

.rela.plt
 *(.rela.plt)

.text           0x00000000     0x79ec
 *(.vectors)
 .vectors       0x00000000      0x1fc C:/Program Files (x86)/Atmel/Studio/7.0/Packs/atmel/XMEGAA_DFP/1.1.68/gcc/dev/atxmega128a3u/avrxmega6/crtatxmega128a3u.o
                0x00000000                __vector_default
                0x00000000                __vectors
 *(.vectors)
 *(.progmem.gcc*)
 .progmem.gcc_sw_table.prvProcessReceivedCommands
                0x000001fc       0x14 FreeRTOS/timers.o
 .progmem.gcc_fplib
                0x00000210       0x28 c:/program files (x86)/atmel/studio/7.0/toolchain/avr8/avr8-gnu-toolchain/bin/../lib/gcc/avr/5.4.0/../../../../avr/lib/avrxmega6\libm.a(exp.o)
 .progmem.gcc_fplib
                0x00000238       0x5a c:/program files (x86)/atmel/studio/7.0/toolchain/avr8/avr8-gnu-toolchain/bin/../lib/gcc/avr/5.4.0/../../../../avr/lib/avrxmega6\libm.a(log.o)
                0x00000292                . = ALIGN (0x2)
                0x00000292                __trampolines_start = .
 *(.trampolines)
 .trampolines   0x00000292       0x38 linker stubs
 *(.trampolines*)
                0x000002ca                __trampolines_end = .
 *libprintf_flt.a:*(.progmem.data)
 .progmem.data  0x000002ca        0x8 c:/program files (x86)/atmel/studio/7.0/toolchain/avr8/avr8-gnu-toolchain/bin/../lib/gcc/avr/5.4.0/../../../../avr/lib/avrxmega6\libprintf_flt.a(vfprintf_flt.o)
 *libc.a:*(.progmem.data)
 .progmem.data  0x000002d2       0xfa c:/program files (x86)/atmel/studio/7.0/toolchain/avr8/avr8-gnu-toolchain/bin/../lib/gcc/avr/5.4.0/../../../../avr/lib/avrxmega6\libc.a(ftoa_engine.o)
 *(.progmem*)
                0x000003cc                . = ALIGN (0x2)
 *(.jumptables)
 *(.jumptables*)
 *(.lowtext)
 *(.lowtext*)
                0x000003cc                __ctors_start = .
 *(.ctors)
                0x000003cc                __ctors_end = .
                0x000003cc                __dtors_start = .
 *(.dtors)
                0x000003cc                __dtors_end = .
 SORT(*)(.ctors)
 SORT(*)(.dtors)
 *(.init0)
 .init0         0x000003cc        0x0 C:/Program Files (x86)/Atmel/Studio/7.0/Packs/atmel/XMEGAA_DFP/1.1.68/gcc/dev/atxmega128a3u/avrxmega6/crtatxmega128a3u.o
                0x000003cc                __init
 *(.init0)
 *(.init1)
 *(.init1)
 *(.init2)
 .init2         0x000003cc       0x10 C:/Program Files (x86)/Atmel/Studio/7.0/Packs/atmel/XMEGAA_DFP/1.1.68/gcc/dev/atxmega128a3u/avrxmega6/crtatxmega128a3u.o
 *(.init2)
 *(.init3)
 .init3         0x000003dc       0x12 mem_check.o
                0x000003dc                init_mem
 *(.init3)
 *(.init4)
 .init4         0x000003ee       0x1a c:/program files (x86)/atmel/studio/7.0/toolchain/avr8/avr8-gnu-toolchain/bin/../lib/gcc/avr/5.4.0/avrxmega6\libgcc.a(_copy_data.o)
                0x000003ee                __do_copy_data
 .init4         0x00000408       0x10 c:/program files (x86)/atmel/studio/7.0/toolchain/avr8/avr8-gnu-toolchain/bin/../lib/gcc/avr/5.4.0/avrxmega6\libgcc.a(_clear_bss.o)
                0x00000408                __do_clear_bss
 *(.init4)
 *(.init5)
 *(.init5)
 *(.init6)
 *(.init6)
 *(.init7)
 *(.init7)
 *(.init8)
 *(.init8)
 *(.init9)
 .init9         0x00000418        0x8 C:/Program Files (x86)/Atmel/Studio/7.0/Packs/atmel/XMEGAA_DFP/1.1.68/gcc/dev/atxmega128a3u/avrxmega6/crtatxmega128a3u.o
 *(.init9)
 *(.text)
 .text          0x00000420        0x4 C:/Program Files (x86)/Atmel/Studio/7.0/Packs/atmel/XMEGAA_DFP/1.1.68/gcc/dev/atxmega128a3u/avrxmega6/crtatxmega128a3u.o
                0x00000420                __vector_38
                0x00000420                __vector_104
                0x00000420                __vector_22
                0x00000420                __vector_63
                0x00000420                __vector_28
                0x00000420                __vector_67
                0x00000420                __vector_1
                0x00000420                __vector_119
                0x00000420                __vector_32
                0x00000420                __vector_75
                0x00000420                __vector_71
                0x00000420                __vector_91
                0x00000420                __vector_34
                0x00000420                __vector_62
                0x00000420                __vector_77
                0x00000420                __vector_102
                0x00000420                __vector_24
                0x00000420                __vector_12
                0x00000420                __vector_55
                0x00000420                __vector_69
                0x00000420                __vector_81
                0x00000420                __vector_90
                0x00000420                __vector_46
                0x00000420                __bad_interrupt
                0x00000420                __vector_122
                0x00000420                __vector_72
                0x00000420                __vector_114
                0x00000420                __vector_6
                0x00000420                __vector_110
                0x00000420                __vector_31
                0x00000420                __vector_92
                0x00000420                __vector_35
                0x00000420                __vector_78
                0x00000420                __vector_74
                0x00000420                __vector_117
                0x00000420                __vector_39
                0x00000420                __vector_107
                0x00000420                __vector_3
                0x00000420                __vector_105
                0x00000420                __vector_98
                0x00000420                __vector_23
                0x00000420                __vector_68
                0x00000420                __vector_30
                0x00000420                __vector_73
                0x00000420                __vector_45
                0x00000420                __vector_25
                0x00000420                __vector_93
                0x00000420                __vector_61
                0x00000420                __vector_11
                0x00000420                __vector_54
                0x00000420                __vector_99
                0x00000420                __vector_13
                0x00000420                __vector_17
                0x00000420                __vector_19
                0x00000420                __vector_56
                0x00000420                __vector_7
                0x00000420                __vector_125
                0x00000420                __vector_49
                0x00000420                __vector_123
                0x00000420                __vector_41
                0x00000420                __vector_86
                0x00000420                __vector_100
                0x00000420                __vector_101
                0x00000420                __vector_64
                0x00000420                __vector_88
                0x00000420                __vector_109
                0x00000420                __vector_43
                0x00000420                __vector_27
                0x00000420                __vector_5
                0x00000420                __vector_113
                0x00000420                __vector_33
                0x00000420                __vector_76
                0x00000420                __vector_115
                0x00000420                __vector_47
                0x00000420                __vector_52
                0x00000420                __vector_37
                0x00000420                __vector_95
                0x00000420                __vector_103
                0x00000420                __vector_96
                0x00000420                __vector_89
                0x00000420                __vector_4
                0x00000420                __vector_44
                0x00000420                __vector_82
                0x00000420                __vector_106
                0x00000420                __vector_118
                0x00000420                __vector_51
                0x00000420                __vector_9
                0x00000420                __vector_2
                0x00000420                __vector_21
                0x00000420                __vector_15
                0x00000420                __vector_66
                0x00000420                __vector_36
                0x00000420                __vector_79
                0x00000420                __vector_58
                0x00000420                __vector_70
                0x00000420                __vector_83
                0x00000420                __vector_29
                0x00000420                __vector_60
                0x00000420                __vector_121
                0x00000420                __vector_40
                0x00000420                __vector_85
                0x00000420                __vector_94
                0x00000420                __vector_126
                0x00000420                __vector_8
                0x00000420                __vector_26
                0x00000420                __vector_48
                0x00000420                __vector_124
                0x00000420                __vector_116
                0x00000420                __vector_112
                0x00000420                __vector_111
                0x00000420                __vector_80
                0x00000420                __vector_84
                0x00000420                __vector_57
                0x00000420                __vector_53
                0x00000420                __vector_10
                0x00000420                __vector_50
                0x00000420                __vector_16
                0x00000420                __vector_59
                0x00000420                __vector_18
                0x00000420                __vector_97
                0x00000420                __vector_42
                0x00000420                __vector_87
                0x00000420                __vector_65
                0x00000420                __vector_120
                0x00000424                . = ALIGN (0x2)
 *(.text.*)
 .text.initButtons
                0x00000424       0x38 ButtonHandler.o
                0x00000424                initButtons
 .text.updateButtons
                0x0000045c      0x1e4 ButtonHandler.o
                0x0000045c                updateButtons
 .text.getButtonPress
                0x00000640       0x52 ButtonHandler.o
                0x00000640                getButtonPress
 .text.CCPWrite
                0x00000692       0x58 driver/clksys_driver.o
                0x00000692                CCPWrite
 .text.CLKSYS_XOSC_Config
                0x000006ea       0x3a driver/clksys_driver.o
                0x000006ea                CLKSYS_XOSC_Config
 .text.CLKSYS_PLL_Config
                0x00000724       0x30 driver/clksys_driver.o
                0x00000724                CLKSYS_PLL_Config
 .text.CLKSYS_Disable
                0x00000754       0x40 driver/clksys_driver.o
                0x00000754                CLKSYS_Disable
 .text.CLKSYS_Prescalers_Config
                0x00000794       0x2e driver/clksys_driver.o
                0x00000794                CLKSYS_Prescalers_Config
 .text.CLKSYS_Main_ClockSource_Select
                0x000007c2       0x44 driver/clksys_driver.o
                0x000007c2                CLKSYS_Main_ClockSource_Select
 .text.TC0_ConfigClockSource
                0x00000806       0x38 driver/TC_driver.o
                0x00000806                TC0_ConfigClockSource
 .text.TC0_ConfigWGM
                0x0000083e       0x38 driver/TC_driver.o
                0x0000083e                TC0_ConfigWGM
 .text.TC0_SetOverflowIntLevel
                0x00000876       0x38 driver/TC_driver.o
                0x00000876                TC0_SetOverflowIntLevel
 .text.vApplicationStackOverflowHook
                0x000008ae       0x28 errorHandler.o
                0x000008ae                vApplicationStackOverflowHook
 .text.error    0x000008d6       0x46 errorHandler.o
                0x000008d6                error
 .text.software_reset
                0x0000091c       0x26 errorHandler.o
                0x0000091c                software_reset
 .text.xEventGroupCreate
                0x00000942       0x46 FreeRTOS/event_groups.o
                0x00000942                xEventGroupCreate
 .text.xEventGroupWaitBits
                0x00000988      0x270 FreeRTOS/event_groups.o
                0x00000988                xEventGroupWaitBits
 .text.xEventGroupClearBits
                0x00000bf8       0x96 FreeRTOS/event_groups.o
                0x00000bf8                xEventGroupClearBits
 .text.xEventGroupSetBits
                0x00000c8e      0x210 FreeRTOS/event_groups.o
                0x00000c8e                xEventGroupSetBits
 .text.vEventGroupSetBitsCallback
                0x00000e9e       0x3c FreeRTOS/event_groups.o
                0x00000e9e                vEventGroupSetBitsCallback
 .text.prvTestWaitCondition
                0x00000eda       0x8e FreeRTOS/event_groups.o
 .text.xEventGroupSetBitsFromISR
                0x00000f68       0x54 FreeRTOS/event_groups.o
                0x00000f68                xEventGroupSetBitsFromISR
 .text.pvPortMalloc
                0x00000fbc       0x88 FreeRTOS/heap_1.o
                0x00000fbc                pvPortMalloc
 .text.vPortFree
                0x00001044       0x1c FreeRTOS/heap_1.o
                0x00001044                vPortFree
 .text.vListInitialise
                0x00001060       0x74 FreeRTOS/list.o
                0x00001060                vListInitialise
 .text.vListInitialiseItem
                0x000010d4       0x26 FreeRTOS/list.o
                0x000010d4                vListInitialiseItem
 .text.vListInsertEnd
                0x000010fa       0x96 FreeRTOS/list.o
                0x000010fa                vListInsertEnd
 .text.vListInsert
                0x00001190      0x102 FreeRTOS/list.o
                0x00001190                vListInsert
 .text.uxListRemove
                0x00001292       0xac FreeRTOS/list.o
                0x00001292                uxListRemove
 .text._portSetInterruptMaskFromIsr
                0x0000133e       0x2e FreeRTOS/port.o
                0x0000133e                _portSetInterruptMaskFromIsr
 .text.pxPortInitialiseStack
                0x0000136c      0x3b2 FreeRTOS/port.o
                0x0000136c                pxPortInitialiseStack
 .text.xPortStartScheduler
                0x0000171e       0x70 FreeRTOS/port.o
                0x0000171e                xPortStartScheduler
 .text.vPortYield
                0x0000178e       0xc4 FreeRTOS/port.o
                0x0000178e                vPortYield
 .text.portTaskSwitchContext
                0x00001852       0x6a FreeRTOS/port.o
                0x00001852                portTaskSwitchContext
 .text.portTaskIncrementTick
                0x000018bc       0x26 FreeRTOS/port.o
 .text.__vector_14
                0x000018e2       0xca FreeRTOS/port.o
                0x000018e2                __vector_14
 .text.prvSetupTimerInterrupt
                0x000019ac       0x82 FreeRTOS/port.o
 .text.xQueueGenericReset
                0x00001a2e      0x12c FreeRTOS/queue.o
                0x00001a2e                xQueueGenericReset
 .text.xQueueGenericCreate
                0x00001b5a       0x8c FreeRTOS/queue.o
                0x00001b5a                xQueueGenericCreate
 .text.prvInitialiseNewQueue
                0x00001be6       0x7e FreeRTOS/queue.o
 .text.xQueueGenericSend
                0x00001c64      0x184 FreeRTOS/queue.o
                0x00001c64                xQueueGenericSend
 .text.xQueueGenericSendFromISR
                0x00001de8       0xc0 FreeRTOS/queue.o
                0x00001de8                xQueueGenericSendFromISR
 .text.xQueueReceive
                0x00001ea8      0x180 FreeRTOS/queue.o
                0x00001ea8                xQueueReceive
 .text.uxQueueMessagesWaiting
                0x00002028       0x38 FreeRTOS/queue.o
                0x00002028                uxQueueMessagesWaiting
 .text.prvCopyDataToQueue
                0x00002060      0x16a FreeRTOS/queue.o
 .text.prvCopyDataFromQueue
                0x000021ca       0xa0 FreeRTOS/queue.o
 .text.prvUnlockQueue
                0x0000226a       0xca FreeRTOS/queue.o
 .text.prvIsQueueEmpty
                0x00002334       0x42 FreeRTOS/queue.o
 .text.prvIsQueueFull
                0x00002376       0x4a FreeRTOS/queue.o
 .text.vQueueWaitForMessageRestricted
                0x000023c0       0x9c FreeRTOS/queue.o
                0x000023c0                vQueueWaitForMessageRestricted
 .text.xTaskCreate
                0x0000245c       0xee FreeRTOS/tasks.o
                0x0000245c                xTaskCreate
 .text.prvInitialiseNewTask
                0x0000254a      0x1ac FreeRTOS/tasks.o
 .text.prvAddNewTaskToReadyList
                0x000026f6      0x10c FreeRTOS/tasks.o
 .text.vTaskDelay
                0x00002802       0x5c FreeRTOS/tasks.o
                0x00002802                vTaskDelay
 .text.vTaskSuspend
                0x0000285e       0xe8 FreeRTOS/tasks.o
                0x0000285e                vTaskSuspend
 .text.prvTaskIsTaskSuspended
                0x00002946       0x5c FreeRTOS/tasks.o
 .text.vTaskResume
                0x000029a2       0xd0 FreeRTOS/tasks.o
                0x000029a2                vTaskResume
 .text.vTaskStartScheduler
                0x00002a72       0x98 FreeRTOS/tasks.o
                0x00002a72                vTaskStartScheduler
 .text.vTaskSuspendAll
                0x00002b0a       0x1a FreeRTOS/tasks.o
                0x00002b0a                vTaskSuspendAll
 .text.xTaskResumeAll
                0x00002b24      0x12e FreeRTOS/tasks.o
                0x00002b24                xTaskResumeAll
 .text.xTaskGetTickCount
                0x00002c52       0x4e FreeRTOS/tasks.o
                0x00002c52                xTaskGetTickCount
 .text.xTaskIncrementTick
                0x00002ca0      0x220 FreeRTOS/tasks.o
                0x00002ca0                xTaskIncrementTick
 .text.vTaskSwitchContext
                0x00002ec0      0x1a0 FreeRTOS/tasks.o
                0x00002ec0                vTaskSwitchContext
 .text.vTaskPlaceOnEventList
                0x00003060       0x50 FreeRTOS/tasks.o
                0x00003060                vTaskPlaceOnEventList
 .text.vTaskPlaceOnUnorderedEventList
                0x000030b0       0x7e FreeRTOS/tasks.o
                0x000030b0                vTaskPlaceOnUnorderedEventList
 .text.vTaskPlaceOnEventListRestricted
                0x0000312e       0x68 FreeRTOS/tasks.o
                0x0000312e                vTaskPlaceOnEventListRestricted
 .text.xTaskRemoveFromEventList
                0x00003196       0xd0 FreeRTOS/tasks.o
                0x00003196                xTaskRemoveFromEventList
 .text.vTaskRemoveFromUnorderedEventList
                0x00003266       0xc6 FreeRTOS/tasks.o
                0x00003266                vTaskRemoveFromUnorderedEventList
 .text.vTaskInternalSetTimeOutState
                0x0000332c       0x46 FreeRTOS/tasks.o
                0x0000332c                vTaskInternalSetTimeOutState
 .text.xTaskCheckForTimeOut
                0x00003372      0x150 FreeRTOS/tasks.o
                0x00003372                xTaskCheckForTimeOut
 .text.vTaskMissedYield
                0x000034c2       0x16 FreeRTOS/tasks.o
                0x000034c2                vTaskMissedYield
 .text.prvIdleTask
                0x000034d8       0x26 FreeRTOS/tasks.o
 .text.prvInitialiseTaskLists
                0x000034fe       0x76 FreeRTOS/tasks.o
 .text.prvCheckTasksWaitingTermination
                0x00003574       0x10 FreeRTOS/tasks.o
 .text.prvResetNextTaskUnblockTime
                0x00003584       0x76 FreeRTOS/tasks.o
 .text.xTaskGetSchedulerState
                0x000035fa       0x32 FreeRTOS/tasks.o
                0x000035fa                xTaskGetSchedulerState
 .text.uxTaskResetEventItemValue
                0x0000362c       0x8c FreeRTOS/tasks.o
                0x0000362c                uxTaskResetEventItemValue
 .text.xTaskNotifyWait
                0x000036b8      0x16c FreeRTOS/tasks.o
                0x000036b8                xTaskNotifyWait
 .text.xTaskGenericNotifyFromISR
                0x00003824      0x1f4 FreeRTOS/tasks.o
                0x00003824                xTaskGenericNotifyFromISR
 .text.prvAddCurrentTaskToDelayedList
                0x00003a18      0x142 FreeRTOS/tasks.o
 .text.xTimerCreateTimerTask
                0x00003b5a       0x56 FreeRTOS/timers.o
                0x00003b5a                xTimerCreateTimerTask
 .text.xTimerGenericCommand
                0x00003bb0       0xe6 FreeRTOS/timers.o
                0x00003bb0                xTimerGenericCommand
 .text.prvProcessExpiredTimer
                0x00003c96       0xf0 FreeRTOS/timers.o
 .text.prvTimerTask
                0x00003d86       0x40 FreeRTOS/timers.o
 .text.prvProcessTimerOrBlockTask
                0x00003dc6       0xf6 FreeRTOS/timers.o
 .text.prvGetNextExpireTime
                0x00003ebc       0x7c FreeRTOS/timers.o
 .text.prvSampleTimeNow
                0x00003f38       0x8a FreeRTOS/timers.o
 .text.prvInsertTimerInActiveList
                0x00003fc2      0x132 FreeRTOS/timers.o
 .text.prvProcessReceivedCommands
                0x000040f4      0x214 FreeRTOS/timers.o
 .text.prvSwitchTimerLists
                0x00004308      0x174 FreeRTOS/timers.o
 .text.prvCheckForValidListAndQueue
                0x0000447c       0x68 FreeRTOS/timers.o
 .text.xTimerPendFunctionCallFromISR
                0x000044e4       0x76 FreeRTOS/timers.o
                0x000044e4                xTimerPendFunctionCallFromISR
 .text.vInitClock
                0x0000455a       0xbc init.o
                0x0000455a                vInitClock
 .text.vApplicationIdleHook
                0x00004616       0x10 main.o
                0x00004616                vApplicationIdleHook
 .text.main     0x00004626      0x106 main.o
                0x00004626                main
 .text.vLedBlink
                0x0000472c       0x9a main.o
                0x0000472c                vLedBlink
 .text.vButtonTask
                0x000047c6      0x1ca main.o
                0x000047c6                vButtonTask
 .text.vInitHeartbeatCounter
                0x00004990       0x54 main.o
                0x00004990                vInitHeartbeatCounter
 .text.vHeartbeat
                0x000049e4       0x5a main.o
                0x000049e4                vHeartbeat
 .text.__vector_20
                0x00004a3e       0xa4 main.o
                0x00004a3e                __vector_20
 .text.vUserInterface
                0x00004ae2      0x446 main.o
                0x00004ae2                vUserInterface
 .text.vTaskxLeibnizAlgo
                0x00004f28      0x1ee main.o
                0x00004f28                vTaskxLeibnizAlgo
 .text.vTaskxEulerAlgo
                0x00005116      0x290 main.o
                0x00005116                vTaskxEulerAlgo
 .text.__vector_108
                0x000053a6       0x94 NHD0420Driver.o
                0x000053a6                __vector_108
 .text.delayUS  0x0000543a      0x112 NHD0420Driver.o
                0x0000543a                delayUS
 .text.setPort  0x0000554c       0x4e NHD0420Driver.o
                0x0000554c                setPort
 .text.setRS    0x0000559a       0x32 NHD0420Driver.o
                0x0000559a                setRS
 .text.setRW    0x000055cc       0x32 NHD0420Driver.o
                0x000055cc                setRW
 .text.setE     0x000055fe       0x32 NHD0420Driver.o
                0x000055fe                setE
 .text.Nybble   0x00005630       0x28 NHD0420Driver.o
                0x00005630                Nybble
 .text.command  0x00005658       0x3c NHD0420Driver.o
                0x00005658                command
 .text.write    0x00005694       0x3c NHD0420Driver.o
                0x00005694                write
 .text.vInitDisplay
                0x000056d0       0xbe NHD0420Driver.o
                0x000056d0                vInitDisplay
 .text._displaySetPos
                0x0000578e       0x78 NHD0420Driver.o
                0x0000578e                _displaySetPos
 .text._displayWriteChar
                0x00005806       0x28 NHD0420Driver.o
                0x00005806                _displayWriteChar
 .text._displayWriteString
                0x0000582e       0x62 NHD0420Driver.o
                0x0000582e                _displayWriteString
 .text._displayWriteStringAtPos
                0x00005890       0x3c NHD0420Driver.o
                0x00005890                _displayWriteStringAtPos
 .text.vDisplayUpdateTask
                0x000058cc      0x29a NHD0420Driver.o
                0x000058cc                vDisplayUpdateTask
 .text.vDisplayClear
                0x00005b66       0x24 NHD0420Driver.o
                0x00005b66                vDisplayClear
 .text.vDisplayWriteStringAtPos
                0x00005b8a       0x34 NHD0420Driver.o
                0x00005b8a                vDisplayWriteStringAtPos
 .text.display_vprintf
                0x00005bbe      0x4c4 NHD0420Driver.o
 .text.normalize
                0x00006082       0xda NHD0420Driver.o
 .text.ftoa_fixed
                0x0000615c      0x29e NHD0420Driver.o
 .text.ftoa_sci
                0x000063fa      0x242 NHD0420Driver.o
 .text.avr-libc.fplib
                0x0000663c        0xe c:/program files (x86)/atmel/studio/7.0/toolchain/avr8/avr8-gnu-toolchain/bin/../lib/gcc/avr/5.4.0/../../../../avr/lib/avrxmega6\libm.a(addsf3.o)
                0x0000663c                __subsf3
                0x0000663e                __addsf3
 .text.avr-libc.fplib
                0x0000664a       0xcc c:/program files (x86)/atmel/studio/7.0/toolchain/avr8/avr8-gnu-toolchain/bin/../lib/gcc/avr/5.4.0/../../../../avr/lib/avrxmega6\libm.a(addsf3x.o)
                0x0000666c                __addsf3x
 .text.avr-libc.fplib
                0x00006716        0xa c:/program files (x86)/atmel/studio/7.0/toolchain/avr8/avr8-gnu-toolchain/bin/../lib/gcc/avr/5.4.0/../../../../avr/lib/avrxmega6\libm.a(cmpsf2.o)
                0x00006716                __nesf2
                0x00006716                __eqsf2
                0x00006716                __cmpsf2
                0x00006716                __ltsf2
                0x00006716                __lesf2
 .text.avr-libc.fplib
                0x00006720        0x8 c:/program files (x86)/atmel/studio/7.0/toolchain/avr8/avr8-gnu-toolchain/bin/../lib/gcc/avr/5.4.0/../../../../avr/lib/avrxmega6\libm.a(divsf3.o)
                0x00006720                __divsf3
 .text.avr-libc.fplib
                0x00006728       0xdc c:/program files (x86)/atmel/studio/7.0/toolchain/avr8/avr8-gnu-toolchain/bin/../lib/gcc/avr/5.4.0/../../../../avr/lib/avrxmega6\libm.a(divsf3x.o)
                0x00006748                __divsf3x
                0x0000674e                __divsf3_pse
 .text.avr-libc.fplib
                0x00006804        0xe c:/program files (x86)/atmel/studio/7.0/toolchain/avr8/avr8-gnu-toolchain/bin/../lib/gcc/avr/5.4.0/../../../../avr/lib/avrxmega6\libm.a(fixsfsi.o)
                0x00006804                __fixsfsi
 .text.avr-libc.fplib
                0x00006812       0x5e c:/program files (x86)/atmel/studio/7.0/toolchain/avr8/avr8-gnu-toolchain/bin/../lib/gcc/avr/5.4.0/../../../../avr/lib/avrxmega6\libm.a(fixunssfsi.o)
                0x00006812                __fixunssfsi
 .text.avr-libc.fplib
                0x00006870       0x7a c:/program files (x86)/atmel/studio/7.0/toolchain/avr8/avr8-gnu-toolchain/bin/../lib/gcc/avr/5.4.0/../../../../avr/lib/avrxmega6\libm.a(floatsisf.o)
                0x00006870                __floatunsisf
                0x00006874                __floatsisf
 .text.avr-libc.fplib
                0x000068ea       0x48 c:/program files (x86)/atmel/studio/7.0/toolchain/avr8/avr8-gnu-toolchain/bin/../lib/gcc/avr/5.4.0/../../../../avr/lib/avrxmega6\libm.a(fp_cmp.o)
                0x000068ea                __fp_cmp
 .text.avr-libc.fplib
                0x00006932        0xc c:/program files (x86)/atmel/studio/7.0/toolchain/avr8/avr8-gnu-toolchain/bin/../lib/gcc/avr/5.4.0/../../../../avr/lib/avrxmega6\libm.a(fp_inf.o)
                0x00006932                __fp_inf
 .text.avr-libc.fplib
                0x0000693e        0x6 c:/program files (x86)/atmel/studio/7.0/toolchain/avr8/avr8-gnu-toolchain/bin/../lib/gcc/avr/5.4.0/../../../../avr/lib/avrxmega6\libm.a(fp_nan.o)
                0x0000693e                __fp_nan
 .text.avr-libc.fplib
                0x00006944        0xe c:/program files (x86)/atmel/studio/7.0/toolchain/avr8/avr8-gnu-toolchain/bin/../lib/gcc/avr/5.4.0/../../../../avr/lib/avrxmega6\libm.a(fp_pscA.o)
                0x00006944                __fp_pscA
 .text.avr-libc.fplib
                0x00006952        0xe c:/program files (x86)/atmel/studio/7.0/toolchain/avr8/avr8-gnu-toolchain/bin/../lib/gcc/avr/5.4.0/../../../../avr/lib/avrxmega6\libm.a(fp_pscB.o)
                0x00006952                __fp_pscB
 .text.avr-libc.fplib
                0x00006960       0x22 c:/program files (x86)/atmel/studio/7.0/toolchain/avr8/avr8-gnu-toolchain/bin/../lib/gcc/avr/5.4.0/../../../../avr/lib/avrxmega6\libm.a(fp_round.o)
                0x00006960                __fp_round
 .text.avr-libc.fplib
                0x00006982       0x44 c:/program files (x86)/atmel/studio/7.0/toolchain/avr8/avr8-gnu-toolchain/bin/../lib/gcc/avr/5.4.0/../../../../avr/lib/avrxmega6\libm.a(fp_split3.o)
                0x00006982                __fp_split3
                0x00006992                __fp_splitA
 .text.avr-libc.fplib
                0x000069c6        0xe c:/program files (x86)/atmel/studio/7.0/toolchain/avr8/avr8-gnu-toolchain/bin/../lib/gcc/avr/5.4.0/../../../../avr/lib/avrxmega6\libm.a(fp_zero.o)
                0x000069c6                __fp_zero
                0x000069c8                __fp_szero
 .text.avr-libc.fplib
                0x000069d4        0xa c:/program files (x86)/atmel/studio/7.0/toolchain/avr8/avr8-gnu-toolchain/bin/../lib/gcc/avr/5.4.0/../../../../avr/lib/avrxmega6\libm.a(gesf2.o)
                0x000069d4                __gesf2
                0x000069d4                __gtsf2
 .text.avr-libc.fplib
                0x000069de        0x8 c:/program files (x86)/atmel/studio/7.0/toolchain/avr8/avr8-gnu-toolchain/bin/../lib/gcc/avr/5.4.0/../../../../avr/lib/avrxmega6\libm.a(mulsf3.o)
                0x000069de                __mulsf3
 .text.avr-libc.fplib
                0x000069e6       0xd2 c:/program files (x86)/atmel/studio/7.0/toolchain/avr8/avr8-gnu-toolchain/bin/../lib/gcc/avr/5.4.0/../../../../avr/lib/avrxmega6\libm.a(mulsf3x.o)
                0x00006a04                __mulsf3x
                0x00006a0a                __mulsf3_pse
 .text.avr-libc.fplib
                0x00006ab8       0xa0 c:/program files (x86)/atmel/studio/7.0/toolchain/avr8/avr8-gnu-toolchain/bin/../lib/gcc/avr/5.4.0/../../../../avr/lib/avrxmega6\libm.a(pow.o)
                0x00006ab8                pow
 .text.avr-libc.fplib
                0x00006b58       0x8c c:/program files (x86)/atmel/studio/7.0/toolchain/avr8/avr8-gnu-toolchain/bin/../lib/gcc/avr/5.4.0/../../../../avr/lib/avrxmega6\libm.a(sqrt.o)
                0x00006b64                sqrtf
                0x00006b64                sqrt
 .text.avr-libc.fplib
                0x00006be4       0x74 c:/program files (x86)/atmel/studio/7.0/toolchain/avr8/avr8-gnu-toolchain/bin/../lib/gcc/avr/5.4.0/../../../../avr/lib/avrxmega6\libm.a(exp.o)
                0x00006bf4                exp
 .text.avr-libc.fplib
                0x00006c58       0x1c c:/program files (x86)/atmel/studio/7.0/toolchain/avr8/avr8-gnu-toolchain/bin/../lib/gcc/avr/5.4.0/../../../../avr/lib/avrxmega6\libm.a(fp_mpack.o)
                0x00006c58                __fp_mpack
                0x00006c5c                __fp_mpack_finite
 .text.avr-libc.fplib
                0x00006c74        0xe c:/program files (x86)/atmel/studio/7.0/toolchain/avr8/avr8-gnu-toolchain/bin/../lib/gcc/avr/5.4.0/../../../../avr/lib/avrxmega6\libm.a(fp_norm2.o)
                0x00006c74                __fp_norm2
 .text.avr-libc.fplib
                0x00006c82       0x4e c:/program files (x86)/atmel/studio/7.0/toolchain/avr8/avr8-gnu-toolchain/bin/../lib/gcc/avr/5.4.0/../../../../avr/lib/avrxmega6\libm.a(fp_powser.o)
                0x00006c82                __fp_powser
 .text.avr-libc.fplib
                0x00006cd0       0x10 c:/program files (x86)/atmel/studio/7.0/toolchain/avr8/avr8-gnu-toolchain/bin/../lib/gcc/avr/5.4.0/../../../../avr/lib/avrxmega6\libm.a(inverse.o)
                0x00006cd0                inverse
 .text.avr-libc.fplib
                0x00006ce0       0x74 c:/program files (x86)/atmel/studio/7.0/toolchain/avr8/avr8-gnu-toolchain/bin/../lib/gcc/avr/5.4.0/../../../../avr/lib/avrxmega6\libm.a(ldexp.o)
                0x00006ce8                ldexp
 .text.avr-libc.fplib
                0x00006d54       0xa0 c:/program files (x86)/atmel/studio/7.0/toolchain/avr8/avr8-gnu-toolchain/bin/../lib/gcc/avr/5.4.0/../../../../avr/lib/avrxmega6\libm.a(log.o)
                0x00006d64                log
 .text.avr-libc.fplib
                0x00006df4       0x68 c:/program files (x86)/atmel/studio/7.0/toolchain/avr8/avr8-gnu-toolchain/bin/../lib/gcc/avr/5.4.0/../../../../avr/lib/avrxmega6\libm.a(modf.o)
                0x00006df4                modf
                0x00006df4                modff
 .text.avr-libc
                0x00006e5c      0x740 c:/program files (x86)/atmel/studio/7.0/toolchain/avr8/avr8-gnu-toolchain/bin/../lib/gcc/avr/5.4.0/../../../../avr/lib/avrxmega6\libprintf_flt.a(vfprintf_flt.o)
                0x00006e5c                vfprintf
 .text.libgcc   0x0000759c       0x10 c:/program files (x86)/atmel/studio/7.0/toolchain/avr8/avr8-gnu-toolchain/bin/../lib/gcc/avr/5.4.0/avrxmega6\libgcc.a(_tablejump2.o)
                0x0000759c                __tablejump2__
 .text.avr-libc
                0x000075ac      0x1b0 c:/program files (x86)/atmel/studio/7.0/toolchain/avr8/avr8-gnu-toolchain/bin/../lib/gcc/avr/5.4.0/../../../../avr/lib/avrxmega6\libc.a(ftoa_engine.o)
                0x000075ac                __ftoa_engine
 .text.avr-libc
                0x0000775c       0x16 c:/program files (x86)/atmel/studio/7.0/toolchain/avr8/avr8-gnu-toolchain/bin/../lib/gcc/avr/5.4.0/../../../../avr/lib/avrxmega6\libc.a(strnlen_P.o)
                0x0000775c                strnlen_P
 .text.avr-libc
                0x00007772       0x12 c:/program files (x86)/atmel/studio/7.0/toolchain/avr8/avr8-gnu-toolchain/bin/../lib/gcc/avr/5.4.0/../../../../avr/lib/avrxmega6\libc.a(memcpy.o)
                0x00007772                memcpy
 .text.avr-libc
                0x00007784        0xe c:/program files (x86)/atmel/studio/7.0/toolchain/avr8/avr8-gnu-toolchain/bin/../lib/gcc/avr/5.4.0/../../../../avr/lib/avrxmega6\libc.a(memset.o)
                0x00007784                memset
 .text.avr-libc
                0x00007792       0x12 c:/program files (x86)/atmel/studio/7.0/toolchain/avr8/avr8-gnu-toolchain/bin/../lib/gcc/avr/5.4.0/../../../../avr/lib/avrxmega6\libc.a(strlen.o)
                0x00007792                strlen
 .text.avr-libc
                0x000077a4       0x16 c:/program files (x86)/atmel/studio/7.0/toolchain/avr8/avr8-gnu-toolchain/bin/../lib/gcc/avr/5.4.0/../../../../avr/lib/avrxmega6\libc.a(strnlen.o)
                0x000077a4                strnlen
 .text.avr-libc
                0x000077ba       0x16 c:/program files (x86)/atmel/studio/7.0/toolchain/avr8/avr8-gnu-toolchain/bin/../lib/gcc/avr/5.4.0/../../../../avr/lib/avrxmega6\libc.a(itoa.o)
                0x000077ba                __itoa
                0x000077ba                itoa
 .text.avr-libc
                0x000077d0       0x16 c:/program files (x86)/atmel/studio/7.0/toolchain/avr8/avr8-gnu-toolchain/bin/../lib/gcc/avr/5.4.0/../../../../avr/lib/avrxmega6\libc.a(itoa_ncheck.o)
                0x000077d0                __itoa_ncheck
 .text.avr-libc
                0x000077e6       0x34 c:/program files (x86)/atmel/studio/7.0/toolchain/avr8/avr8-gnu-toolchain/bin/../lib/gcc/avr/5.4.0/../../../../avr/lib/avrxmega6\libc.a(utoa_ncheck.o)
                0x000077e6                __utoa_ncheck
                0x000077e8                __utoa_common
 .text.avr-libc
                0x0000781a       0x78 c:/program files (x86)/atmel/studio/7.0/toolchain/avr8/avr8-gnu-toolchain/bin/../lib/gcc/avr/5.4.0/../../../../avr/lib/avrxmega6\libc.a(fputc.o)
                0x0000781a                fputc
 .text.avr-libc
                0x00007892       0x28 c:/program files (x86)/atmel/studio/7.0/toolchain/avr8/avr8-gnu-toolchain/bin/../lib/gcc/avr/5.4.0/../../../../avr/lib/avrxmega6\libc.a(printf.o)
                0x00007892                printf
 .text.avr-libc
                0x000078ba       0x52 c:/program files (x86)/atmel/studio/7.0/toolchain/avr8/avr8-gnu-toolchain/bin/../lib/gcc/avr/5.4.0/../../../../avr/lib/avrxmega6\libc.a(sprintf.o)
                0x000078ba                sprintf
 .text.avr-libc
                0x0000790c       0xbc c:/program files (x86)/atmel/studio/7.0/toolchain/avr8/avr8-gnu-toolchain/bin/../lib/gcc/avr/5.4.0/../../../../avr/lib/avrxmega6\libc.a(ultoa_invert.o)
                0x0000790c                __ultoa_invert
 .text.avr-libc
                0x000079c8       0x20 c:/program files (x86)/atmel/studio/7.0/toolchain/avr8/avr8-gnu-toolchain/bin/../lib/gcc/avr/5.4.0/../../../../avr/lib/avrxmega6\libc.a(strrev.o)
                0x000079c8                strrev
                0x000079e8                . = ALIGN (0x2)
 *(.fini9)
 .fini9         0x000079e8        0x0 c:/program files (x86)/atmel/studio/7.0/toolchain/avr8/avr8-gnu-toolchain/bin/../lib/gcc/avr/5.4.0/avrxmega6\libgcc.a(_exit.o)
                0x000079e8                _exit
                0x000079e8                exit
 *(.fini9)
 *(.fini8)
 *(.fini8)
 *(.fini7)
 *(.fini7)
 *(.fini6)
 *(.fini6)
 *(.fini5)
 *(.fini5)
 *(.fini4)
 *(.fini4)
 *(.fini3)
 *(.fini3)
 *(.fini2)
 *(.fini2)
 *(.fini1)
 *(.fini1)
 *(.fini0)
 .fini0         0x000079e8        0x4 c:/program files (x86)/atmel/studio/7.0/toolchain/avr8/avr8-gnu-toolchain/bin/../lib/gcc/avr/5.4.0/avrxmega6\libgcc.a(_exit.o)
 *(.fini0)
                0x000079ec                _etext = .

.data           0x00802000       0x94 load address 0x000079ec
                0x00802000                PROVIDE (__data_start, .)
 *(.data)
 *(.data*)
 *(.gnu.linkonce.d*)
 *(.rodata)
 .rodata        0x00802000        0x5 FreeRTOS/tasks.o
 .rodata        0x00802005        0x8 FreeRTOS/timers.o
 .rodata        0x0080200d       0x78 main.o
 .rodata        0x00802085        0xb NHD0420Driver.o
 *(.rodata*)
 .rodata.width.5062
                0x00802090        0x2 NHD0420Driver.o
 .rodata.width.5079
                0x00802092        0x2 NHD0420Driver.o
 *(.gnu.linkonce.r*)
                0x00802094                . = ALIGN (0x2)
                0x00802094                _edata = .
                0x00802094                PROVIDE (__data_end, .)

.bss            0x00802094      0xca1
                0x00802094                PROVIDE (__bss_start, .)
 *(.bss)
 *(.bss*)
 .bss.b1Count.3829
                0x00802094        0x2 ButtonHandler.o
 .bss.b2Count.3830
                0x00802096        0x2 ButtonHandler.o
 .bss.b3Count.3831
                0x00802098        0x2 ButtonHandler.o
 .bss.b4Count.3832
                0x0080209a        0x2 ButtonHandler.o
 .bss.xHeap     0x0080209c      0xbb8 FreeRTOS/heap_1.o
 .bss.xNextFreeByte
                0x00802c54        0x2 FreeRTOS/heap_1.o
 .bss.pxCurrentTCB
                0x00802c56        0x2 FreeRTOS/tasks.o
                0x00802c56                pxCurrentTCB
 .bss.pxReadyTasksLists
                0x00802c58       0x2c FreeRTOS/tasks.o
 .bss.xDelayedTaskList1
                0x00802c84        0xb FreeRTOS/tasks.o
 .bss.xDelayedTaskList2
                0x00802c8f        0xb FreeRTOS/tasks.o
 .bss.pxDelayedTaskList
                0x00802c9a        0x2 FreeRTOS/tasks.o
 .bss.pxOverflowDelayedTaskList
                0x00802c9c        0x2 FreeRTOS/tasks.o
 .bss.xPendingReadyList
                0x00802c9e        0xb FreeRTOS/tasks.o
 .bss.xSuspendedTaskList
                0x00802ca9        0xb FreeRTOS/tasks.o
 .bss.uxCurrentNumberOfTasks
                0x00802cb4        0x1 FreeRTOS/tasks.o
 .bss.xTickCount
                0x00802cb5        0x4 FreeRTOS/tasks.o
 .bss.uxTopReadyPriority
                0x00802cb9        0x1 FreeRTOS/tasks.o
 .bss.xSchedulerRunning
                0x00802cba        0x1 FreeRTOS/tasks.o
 .bss.uxPendedTicks
                0x00802cbb        0x1 FreeRTOS/tasks.o
 .bss.xYieldPending
                0x00802cbc        0x1 FreeRTOS/tasks.o
 .bss.xNumOfOverflows
                0x00802cbd        0x1 FreeRTOS/tasks.o
 .bss.uxTaskNumber
                0x00802cbe        0x1 FreeRTOS/tasks.o
 .bss.xNextTaskUnblockTime
                0x00802cbf        0x4 FreeRTOS/tasks.o
 .bss.xIdleTaskHandle
                0x00802cc3        0x2 FreeRTOS/tasks.o
 .bss.uxSchedulerSuspended
                0x00802cc5        0x1 FreeRTOS/tasks.o
 .bss.xActiveTimerList1
                0x00802cc6        0xb FreeRTOS/timers.o
 .bss.xActiveTimerList2
                0x00802cd1        0xb FreeRTOS/timers.o
 .bss.pxCurrentTimerList
                0x00802cdc        0x2 FreeRTOS/timers.o
 .bss.pxOverflowTimerList
                0x00802cde        0x2 FreeRTOS/timers.o
 .bss.xTimerQueue
                0x00802ce0        0x2 FreeRTOS/timers.o
 .bss.xTimerTaskHandle
                0x00802ce2        0x2 FreeRTOS/timers.o
 .bss.xLastTime.4745
                0x00802ce4        0x4 FreeRTOS/timers.o
 .bss.GlPi      0x00802ce8        0x4 main.o
                0x00802ce8                GlPi
 .bss.AnzahlDurchlauf
                0x00802cec        0x2 main.o
                0x00802cec                AnzahlDurchlauf
 .bss.ucMsCounter
                0x00802cee        0x1 main.o
                0x00802cee                ucMsCounter
 .bss.buffer.4995
                0x00802cef       0x14 NHD0420Driver.o
 .bss.str.4996  0x00802d03       0x14 NHD0420Driver.o
 *(COMMON)
 COMMON         0x00802d17        0x4 ButtonHandler.o
                0x00802d17                b1Status
                0x00802d18                b2Status
                0x00802d19                b3Status
                0x00802d1a                b4Status
 COMMON         0x00802d1b        0x1 FreeRTOS/port.o
                0x00802d1b                intTaskSwitchPending
 COMMON         0x00802d1c        0xf main.o
                0x00802d1c                xUserInterfaceHandle
                0x00802d1e                xGlobalEventGroup
                0x00802d20                xLeibnizAlgo
                0x00802d22                xHeartbeatTaskHandle
                0x00802d24                xButtonTaskHandle
                0x00802d26                xTaskxEulerAlgo
                0x00802d28                xledTask
                0x00802d2a                ucHeartbeatTimerCounter
 COMMON         0x00802d2b        0x4 NHD0420Driver.o
                0x00802d2b                displayLineQueue
                0x00802d2d                egDisplayTiming
 COMMON         0x00802d2f        0x6 c:/program files (x86)/atmel/studio/7.0/toolchain/avr8/avr8-gnu-toolchain/bin/../lib/gcc/avr/5.4.0/../../../../avr/lib/avrxmega6\libc.a(iob.o)
                0x00802d2f                __iob
                0x00802d35                PROVIDE (__bss_end, .)
                0x000079ec                __data_load_start = LOADADDR (.data)
                0x00007a80                __data_load_end = (__data_load_start + SIZEOF (.data))

.noinit         0x00802d35        0x0
                [!provide]                PROVIDE (__noinit_start, .)
 *(.noinit*)
                [!provide]                PROVIDE (__noinit_end, .)
                0x00802d35                _end = .
                0x00802d35                PROVIDE (__heap_start, .)

.eeprom         0x00810000        0x0
 *(.eeprom*)
                0x00810000                __eeprom_end = .

.fuse
 *(.fuse)
 *(.lfuse)
 *(.hfuse)
 *(.efuse)

.lock
 *(.lock*)

.signature
 *(.signature*)

.user_signatures
 *(.user_signatures*)

.stab
 *(.stab)

.stabstr
 *(.stabstr)

.stab.excl
 *(.stab.excl)

.stab.exclstr
 *(.stab.exclstr)

.stab.index
 *(.stab.index)

.stab.indexstr
 *(.stab.indexstr)

.comment        0x00000000       0x5c
 *(.comment)
 .comment       0x00000000       0x30 ButtonHandler.o
                                 0x31 (size before relaxing)
 .comment       0x00000030       0x31 driver/clksys_driver.o
 .comment       0x00000030       0x31 driver/TC_driver.o
 .comment       0x00000030       0x31 errorHandler.o
 .comment       0x00000030       0x31 FreeRTOS/event_groups.o
 .comment       0x00000030       0x31 FreeRTOS/heap_1.o
 .comment       0x00000030       0x31 FreeRTOS/list.o
 .comment       0x00000030       0x31 FreeRTOS/port.o
 .comment       0x00000030       0x31 FreeRTOS/queue.o
 .comment       0x00000030       0x31 FreeRTOS/tasks.o
 .comment       0x00000030       0x31 FreeRTOS/timers.o
 .comment       0x00000030       0x31 init.o
 .comment       0x00000030       0x31 main.o
 .comment       0x00000030       0x31 mem_check.o
 .comment       0x00000030       0x31 NHD0420Driver.o
 .comment       0x00000030       0x2c c:/program files (x86)/atmel/studio/7.0/toolchain/avr8/avr8-gnu-toolchain/bin/../lib/gcc/avr/5.4.0/../../../../avr/lib/avrxmega6\libprintf_flt.a(vfprintf_flt.o)
                                 0x2d (size before relaxing)
 .comment       0x0000005c       0x31 c:/program files (x86)/atmel/studio/7.0/toolchain/avr8/avr8-gnu-toolchain/bin/../lib/gcc/avr/5.4.0/../../../../avr/lib/avrxmega6\libc.a(fputc.o)
 .comment       0x0000005c       0x31 c:/program files (x86)/atmel/studio/7.0/toolchain/avr8/avr8-gnu-toolchain/bin/../lib/gcc/avr/5.4.0/../../../../avr/lib/avrxmega6\libc.a(printf.o)
 .comment       0x0000005c       0x31 c:/program files (x86)/atmel/studio/7.0/toolchain/avr8/avr8-gnu-toolchain/bin/../lib/gcc/avr/5.4.0/../../../../avr/lib/avrxmega6\libc.a(sprintf.o)
 .comment       0x0000005c       0x31 c:/program files (x86)/atmel/studio/7.0/toolchain/avr8/avr8-gnu-toolchain/bin/../lib/gcc/avr/5.4.0/../../../../avr/lib/avrxmega6\libc.a(iob.o)

.note.gnu.avr.deviceinfo
                0x00000000       0x40
 .note.gnu.avr.deviceinfo
                0x00000000       0x40 C:/Program Files (x86)/Atmel/Studio/7.0/Packs/atmel/XMEGAA_DFP/1.1.68/gcc/dev/atxmega128a3u/avrxmega6/crtatxmega128a3u.o

.note.gnu.build-id
 *(.note.gnu.build-id)

.debug
 *(.debug)

.line
 *(.line)

.debug_srcinfo
 *(.debug_srcinfo)

.debug_sfnames
 *(.debug_sfnames)

.debug_aranges  0x00000000      0x810
 *(.debug_aranges)
 .debug_aranges
                0x00000000       0x30 ButtonHandler.o
 .debug_aranges
                0x00000030       0x68 driver/clksys_driver.o
 .debug_aranges
                0x00000098       0xc8 driver/TC_driver.o
 .debug_aranges
                0x00000160       0x40 errorHandler.o
 .debug_aranges
                0x000001a0       0x88 FreeRTOS/event_groups.o
 .debug_aranges
                0x00000228       0x38 FreeRTOS/heap_1.o
 .debug_aranges
                0x00000260       0x40 FreeRTOS/list.o
 .debug_aranges
                0x000002a0       0x60 FreeRTOS/port.o
 .debug_aranges
                0x00000300      0x108 FreeRTOS/queue.o
 .debug_aranges
                0x00000408      0x1b0 FreeRTOS/tasks.o
 .debug_aranges
                0x000005b8       0xd8 FreeRTOS/timers.o
 .debug_aranges
                0x00000690       0x20 init.o
 .debug_aranges
                0x000006b0       0x68 main.o
 .debug_aranges
                0x00000718       0x28 mem_check.o
 .debug_aranges
                0x00000740       0xd0 NHD0420Driver.o

.debug_pubnames
 *(.debug_pubnames)

.debug_info     0x00000000     0xbb6e
 *(.debug_info .gnu.linkonce.wi.*)
 .debug_info    0x00000000     0x3409 C:/Program Files (x86)/Atmel/Studio/7.0/Packs/atmel/XMEGAA_DFP/1.1.68/gcc/dev/atxmega128a3u/avrxmega6/crtatxmega128a3u.o
 .debug_info    0x00003409      0x35c ButtonHandler.o
 .debug_info    0x00003765      0x5f4 driver/clksys_driver.o
 .debug_info    0x00003d59     0x12d3 driver/TC_driver.o
 .debug_info    0x0000502c      0x1c7 errorHandler.o
 .debug_info    0x000051f3      0x8ae FreeRTOS/event_groups.o
 .debug_info    0x00005aa1      0x16c FreeRTOS/heap_1.o
 .debug_info    0x00005c0d      0x2b5 FreeRTOS/list.o
 .debug_info    0x00005ec2      0x9ef FreeRTOS/port.o
 .debug_info    0x000068b1      0xfc1 FreeRTOS/queue.o
 .debug_info    0x00007872     0x1770 FreeRTOS/tasks.o
 .debug_info    0x00008fe2      0xbb3 FreeRTOS/timers.o
 .debug_info    0x00009b95      0x243 init.o
 .debug_info    0x00009dd8      0xc54 main.o
 .debug_info    0x0000aa2c       0xd2 mem_check.o
 .debug_info    0x0000aafe     0x1070 NHD0420Driver.o

.debug_abbrev   0x00000000     0x471a
 *(.debug_abbrev)
 .debug_abbrev  0x00000000     0x3148 C:/Program Files (x86)/Atmel/Studio/7.0/Packs/atmel/XMEGAA_DFP/1.1.68/gcc/dev/atxmega128a3u/avrxmega6/crtatxmega128a3u.o
 .debug_abbrev  0x00003148      0x111 ButtonHandler.o
 .debug_abbrev  0x00003259      0x159 driver/clksys_driver.o
 .debug_abbrev  0x000033b2      0x15a driver/TC_driver.o
 .debug_abbrev  0x0000350c      0x117 errorHandler.o
 .debug_abbrev  0x00003623      0x185 FreeRTOS/event_groups.o
 .debug_abbrev  0x000037a8      0x10a FreeRTOS/heap_1.o
 .debug_abbrev  0x000038b2       0xc7 FreeRTOS/list.o
 .debug_abbrev  0x00003979      0x1f7 FreeRTOS/port.o
 .debug_abbrev  0x00003b70      0x20a FreeRTOS/queue.o
 .debug_abbrev  0x00003d7a      0x26d FreeRTOS/tasks.o
 .debug_abbrev  0x00003fe7      0x1ce FreeRTOS/timers.o
 .debug_abbrev  0x000041b5       0x9d init.o
 .debug_abbrev  0x00004252      0x1cb main.o
 .debug_abbrev  0x0000441d       0x98 mem_check.o
 .debug_abbrev  0x000044b5      0x265 NHD0420Driver.o

.debug_line     0x00000000     0x593f
 *(.debug_line .debug_line.* .debug_line_end)
 .debug_line    0x00000000      0x39d C:/Program Files (x86)/Atmel/Studio/7.0/Packs/atmel/XMEGAA_DFP/1.1.68/gcc/dev/atxmega128a3u/avrxmega6/crtatxmega128a3u.o
 .debug_line    0x0000039d      0x265 ButtonHandler.o
 .debug_line    0x00000602      0x2c4 driver/clksys_driver.o
 .debug_line    0x000008c6      0x398 driver/TC_driver.o
 .debug_line    0x00000c5e      0x1d5 errorHandler.o
 .debug_line    0x00000e33      0x5a0 FreeRTOS/event_groups.o
 .debug_line    0x000013d3      0x148 FreeRTOS/heap_1.o
 .debug_line    0x0000151b      0x200 FreeRTOS/list.o
 .debug_line    0x0000171b      0x4c5 FreeRTOS/port.o
 .debug_line    0x00001be0      0xe21 FreeRTOS/queue.o
 .debug_line    0x00002a01     0x1566 FreeRTOS/tasks.o
 .debug_line    0x00003f67      0x6dc FreeRTOS/timers.o
 .debug_line    0x00004643      0x162 init.o
 .debug_line    0x000047a5      0x5d2 main.o
 .debug_line    0x00004d77       0x8a mem_check.o
 .debug_line    0x00004e01      0xb3e NHD0420Driver.o

.debug_frame    0x00000000     0x2008
 *(.debug_frame)
 .debug_frame   0x00000000       0x74 ButtonHandler.o
 .debug_frame   0x00000074      0x15c driver/clksys_driver.o
 .debug_frame   0x000001d0      0x2d4 driver/TC_driver.o
 .debug_frame   0x000004a4       0xb4 errorHandler.o
 .debug_frame   0x00000558      0x234 FreeRTOS/event_groups.o
 .debug_frame   0x0000078c       0x94 FreeRTOS/heap_1.o
 .debug_frame   0x00000820       0xb4 FreeRTOS/list.o
 .debug_frame   0x000008d4      0x124 FreeRTOS/port.o
 .debug_frame   0x000009f8      0x3f4 FreeRTOS/queue.o
 .debug_frame   0x00000dec      0x788 FreeRTOS/tasks.o
 .debug_frame   0x00001574      0x438 FreeRTOS/timers.o
 .debug_frame   0x000019ac       0x34 init.o
 .debug_frame   0x000019e0      0x250 main.o
 .debug_frame   0x00001c30       0x44 mem_check.o
 .debug_frame   0x00001c74      0x394 NHD0420Driver.o

.debug_str      0x00000000     0x56ee
 *(.debug_str)
 .debug_str     0x00000000     0x223b C:/Program Files (x86)/Atmel/Studio/7.0/Packs/atmel/XMEGAA_DFP/1.1.68/gcc/dev/atxmega128a3u/avrxmega6/crtatxmega128a3u.o
 .debug_str     0x0000223b      0x335 ButtonHandler.o
                                0x369 (size before relaxing)
 .debug_str     0x00002570      0x640 driver/clksys_driver.o
                                0x7e5 (size before relaxing)
 .debug_str     0x00002bb0      0xb24 driver/TC_driver.o
                                0xce2 (size before relaxing)
 .debug_str     0x000036d4       0xaa errorHandler.o
                                0x26e (size before relaxing)
 .debug_str     0x0000377e      0x453 FreeRTOS/event_groups.o
                                0x685 (size before relaxing)
 .debug_str     0x00003bd1       0xa1 FreeRTOS/heap_1.o
                                0x224 (size before relaxing)
 .debug_str     0x00003c72       0xa0 FreeRTOS/list.o
                                0x2d9 (size before relaxing)
 .debug_str     0x00003d12      0x156 FreeRTOS/port.o
                                0x828 (size before relaxing)
 .debug_str     0x00003e68      0x471 FreeRTOS/queue.o
                                0x81a (size before relaxing)
 .debug_str     0x000042d9      0xa94 FreeRTOS/tasks.o
                                0xf28 (size before relaxing)
 .debug_str     0x00004d6d      0x508 FreeRTOS/timers.o
                                0x7e6 (size before relaxing)
 .debug_str     0x00005275       0x17 init.o
                                0x4be (size before relaxing)
 .debug_str     0x0000528c      0x1fa main.o
                                0x8f5 (size before relaxing)
 .debug_str     0x00005486       0x49 mem_check.o
                                0x1ce (size before relaxing)
 .debug_str     0x000054cf      0x21f NHD0420Driver.o
                                0x9be (size before relaxing)

.debug_loc      0x00000000     0x4429
 *(.debug_loc)
 .debug_loc     0x00000000       0xbe ButtonHandler.o
 .debug_loc     0x000000be      0x2c3 driver/clksys_driver.o
 .debug_loc     0x00000381      0x630 driver/TC_driver.o
 .debug_loc     0x000009b1      0x14e errorHandler.o
 .debug_loc     0x00000aff      0x4c4 FreeRTOS/event_groups.o
 .debug_loc     0x00000fc3      0x106 FreeRTOS/heap_1.o
 .debug_loc     0x000010c9      0x167 FreeRTOS/list.o
 .debug_loc     0x00001230      0x1ea FreeRTOS/port.o
 .debug_loc     0x0000141a      0x89f FreeRTOS/queue.o
 .debug_loc     0x00001cb9     0x10ac FreeRTOS/tasks.o
 .debug_loc     0x00002d65      0x964 FreeRTOS/timers.o
 .debug_loc     0x000036c9       0x3b init.o
 .debug_loc     0x00003704      0x516 main.o
 .debug_loc     0x00003c1a       0x48 mem_check.o
 .debug_loc     0x00003c62      0x7c7 NHD0420Driver.o

.debug_macinfo
 *(.debug_macinfo)

.debug_weaknames
 *(.debug_weaknames)

.debug_funcnames
 *(.debug_funcnames)

.debug_typenames
 *(.debug_typenames)

.debug_varnames
 *(.debug_varnames)

.debug_pubtypes
 *(.debug_pubtypes)

.debug_ranges   0x00000000      0x738
 *(.debug_ranges)
 .debug_ranges  0x00000000       0x20 ButtonHandler.o
 .debug_ranges  0x00000020       0x58 driver/clksys_driver.o
 .debug_ranges  0x00000078       0xb8 driver/TC_driver.o
 .debug_ranges  0x00000130       0x30 errorHandler.o
 .debug_ranges  0x00000160       0x78 FreeRTOS/event_groups.o
 .debug_ranges  0x000001d8       0x28 FreeRTOS/heap_1.o
 .debug_ranges  0x00000200       0x30 FreeRTOS/list.o
 .debug_ranges  0x00000230       0x50 FreeRTOS/port.o
 .debug_ranges  0x00000280       0xf8 FreeRTOS/queue.o
 .debug_ranges  0x00000378      0x1a0 FreeRTOS/tasks.o
 .debug_ranges  0x00000518       0xc8 FreeRTOS/timers.o
 .debug_ranges  0x000005e0       0x10 init.o
 .debug_ranges  0x000005f0       0x58 main.o
 .debug_ranges  0x00000648       0x18 mem_check.o
 .debug_ranges  0x00000660       0xd8 NHD0420Driver.o

.debug_macro
 *(.debug_macro)
OUTPUT(PiCalc.elf elf32-avr)
LOAD linker stubs
