Archive member included to satisfy reference by file (symbol)

c:/program files (x86)/atmel/studio/7.0/toolchain/avr8/avr8-gnu-toolchain/bin/../lib/gcc/avr/5.4.0/../../../../avr/lib/avrxmega6\libm.a(addsf3.o)
                              main.o (__subsf3)
c:/program files (x86)/atmel/studio/7.0/toolchain/avr8/avr8-gnu-toolchain/bin/../lib/gcc/avr/5.4.0/../../../../avr/lib/avrxmega6\libm.a(addsf3x.o)
                              c:/program files (x86)/atmel/studio/7.0/toolchain/avr8/avr8-gnu-toolchain/bin/../lib/gcc/avr/5.4.0/../../../../avr/lib/avrxmega6\libm.a(addsf3.o) (__addsf3x)
c:/program files (x86)/atmel/studio/7.0/toolchain/avr8/avr8-gnu-toolchain/bin/../lib/gcc/avr/5.4.0/../../../../avr/lib/avrxmega6\libm.a(cmpsf2.o)
                              NHD0420Driver.o (__eqsf2)
c:/program files (x86)/atmel/studio/7.0/toolchain/avr8/avr8-gnu-toolchain/bin/../lib/gcc/avr/5.4.0/../../../../avr/lib/avrxmega6\libm.a(divsf3.o)
                              NHD0420Driver.o (__divsf3)
c:/program files (x86)/atmel/studio/7.0/toolchain/avr8/avr8-gnu-toolchain/bin/../lib/gcc/avr/5.4.0/../../../../avr/lib/avrxmega6\libm.a(divsf3x.o)
                              c:/program files (x86)/atmel/studio/7.0/toolchain/avr8/avr8-gnu-toolchain/bin/../lib/gcc/avr/5.4.0/../../../../avr/lib/avrxmega6\libm.a(divsf3.o) (__divsf3x)
c:/program files (x86)/atmel/studio/7.0/toolchain/avr8/avr8-gnu-toolchain/bin/../lib/gcc/avr/5.4.0/../../../../avr/lib/avrxmega6\libm.a(fixsfsi.o)
                              NHD0420Driver.o (__fixsfsi)
c:/program files (x86)/atmel/studio/7.0/toolchain/avr8/avr8-gnu-toolchain/bin/../lib/gcc/avr/5.4.0/../../../../avr/lib/avrxmega6\libm.a(fixunssfsi.o)
                              c:/program files (x86)/atmel/studio/7.0/toolchain/avr8/avr8-gnu-toolchain/bin/../lib/gcc/avr/5.4.0/../../../../avr/lib/avrxmega6\libm.a(fixsfsi.o) (__fixunssfsi)
c:/program files (x86)/atmel/studio/7.0/toolchain/avr8/avr8-gnu-toolchain/bin/../lib/gcc/avr/5.4.0/../../../../avr/lib/avrxmega6\libm.a(floatsisf.o)
                              main.o (__floatsisf)
c:/program files (x86)/atmel/studio/7.0/toolchain/avr8/avr8-gnu-toolchain/bin/../lib/gcc/avr/5.4.0/../../../../avr/lib/avrxmega6\libm.a(fp_cmp.o)
                              c:/program files (x86)/atmel/studio/7.0/toolchain/avr8/avr8-gnu-toolchain/bin/../lib/gcc/avr/5.4.0/../../../../avr/lib/avrxmega6\libm.a(cmpsf2.o) (__fp_cmp)
c:/program files (x86)/atmel/studio/7.0/toolchain/avr8/avr8-gnu-toolchain/bin/../lib/gcc/avr/5.4.0/../../../../avr/lib/avrxmega6\libm.a(fp_inf.o)
                              c:/program files (x86)/atmel/studio/7.0/toolchain/avr8/avr8-gnu-toolchain/bin/../lib/gcc/avr/5.4.0/../../../../avr/lib/avrxmega6\libm.a(addsf3x.o) (__fp_inf)
c:/program files (x86)/atmel/studio/7.0/toolchain/avr8/avr8-gnu-toolchain/bin/../lib/gcc/avr/5.4.0/../../../../avr/lib/avrxmega6\libm.a(fp_nan.o)
                              c:/program files (x86)/atmel/studio/7.0/toolchain/avr8/avr8-gnu-toolchain/bin/../lib/gcc/avr/5.4.0/../../../../avr/lib/avrxmega6\libm.a(addsf3x.o) (__fp_nan)
c:/program files (x86)/atmel/studio/7.0/toolchain/avr8/avr8-gnu-toolchain/bin/../lib/gcc/avr/5.4.0/../../../../avr/lib/avrxmega6\libm.a(fp_pscA.o)
                              c:/program files (x86)/atmel/studio/7.0/toolchain/avr8/avr8-gnu-toolchain/bin/../lib/gcc/avr/5.4.0/../../../../avr/lib/avrxmega6\libm.a(addsf3x.o) (__fp_pscA)
c:/program files (x86)/atmel/studio/7.0/toolchain/avr8/avr8-gnu-toolchain/bin/../lib/gcc/avr/5.4.0/../../../../avr/lib/avrxmega6\libm.a(fp_pscB.o)
                              c:/program files (x86)/atmel/studio/7.0/toolchain/avr8/avr8-gnu-toolchain/bin/../lib/gcc/avr/5.4.0/../../../../avr/lib/avrxmega6\libm.a(addsf3x.o) (__fp_pscB)
c:/program files (x86)/atmel/studio/7.0/toolchain/avr8/avr8-gnu-toolchain/bin/../lib/gcc/avr/5.4.0/../../../../avr/lib/avrxmega6\libm.a(fp_round.o)
                              c:/program files (x86)/atmel/studio/7.0/toolchain/avr8/avr8-gnu-toolchain/bin/../lib/gcc/avr/5.4.0/../../../../avr/lib/avrxmega6\libm.a(addsf3.o) (__fp_round)
c:/program files (x86)/atmel/studio/7.0/toolchain/avr8/avr8-gnu-toolchain/bin/../lib/gcc/avr/5.4.0/../../../../avr/lib/avrxmega6\libm.a(fp_split3.o)
                              c:/program files (x86)/atmel/studio/7.0/toolchain/avr8/avr8-gnu-toolchain/bin/../lib/gcc/avr/5.4.0/../../../../avr/lib/avrxmega6\libm.a(addsf3x.o) (__fp_split3)
c:/program files (x86)/atmel/studio/7.0/toolchain/avr8/avr8-gnu-toolchain/bin/../lib/gcc/avr/5.4.0/../../../../avr/lib/avrxmega6\libm.a(fp_zero.o)
                              c:/program files (x86)/atmel/studio/7.0/toolchain/avr8/avr8-gnu-toolchain/bin/../lib/gcc/avr/5.4.0/../../../../avr/lib/avrxmega6\libm.a(addsf3x.o) (__fp_zero)
c:/program files (x86)/atmel/studio/7.0/toolchain/avr8/avr8-gnu-toolchain/bin/../lib/gcc/avr/5.4.0/../../../../avr/lib/avrxmega6\libm.a(gesf2.o)
                              NHD0420Driver.o (__gesf2)
[...]
Memory Configuration

Name             Origin             Length             Attributes
text             0x00000000         0x00100000         xr
data             0x00802000         0x0000ffa0         rw !x
eeprom           0x00810000         0x00010000         rw !x
fuse             0x00820000         0x00000006         rw !x
lock             0x00830000         0x00000400         rw !x
signature        0x00840000         0x00000400         rw !x
user_signatures  0x00850000         0x00000400         rw !x
*default*        0x00000000         0xffffffff

Linker script and memory map

LOAD C:/Program Files (x86)/Atmel/Studio/7.0/Packs/atmel/XMEGAA_DFP/1.1.68/gcc/dev/atxmega128a3u/avrxmega6/crtatxmega128a3u.o
LOAD ButtonHandler.o
LOAD driver/clksys_driver.o
LOAD driver/pmic_driver.o
LOAD driver/port_driver.o
LOAD driver/TC_driver.o
LOAD errorHandler.o
LOAD FreeRTOS/croutine.o
LOAD FreeRTOS/event_groups.o
LOAD FreeRTOS/heap_1.o
LOAD FreeRTOS/list.o
LOAD FreeRTOS/port.o
LOAD FreeRTOS/queue.o
LOAD FreeRTOS/stream_buffer.o
LOAD FreeRTOS/tasks.o
LOAD FreeRTOS/timers.o
LOAD init.o
LOAD main.o
LOAD mem_check.o
LOAD NHD0420Driver.o
LOAD utils.o
START GROUP
LOAD c:/program files (x86)/atmel/studio/7.0/toolchain/avr8/avr8-gnu-toolchain/bin/../lib/gcc/avr/5.4.0/../../../../avr/lib/avrxmega6\libm.a
END GROUP
START GROUP
LOAD c:/program files (x86)/atmel/studio/7.0/toolchain/avr8/avr8-gnu-toolchain/bin/../lib/gcc/avr/5.4.0/avrxmega6\libgcc.a
LOAD c:/program files (x86)/atmel/studio/7.0/toolchain/avr8/avr8-gnu-toolchain/bin/../lib/gcc/avr/5.4.0/../../../../avr/lib/avrxmega6\libm.a
LOAD c:/program files (x86)/atmel/studio/7.0/toolchain/avr8/avr8-gnu-toolchain/bin/../lib/gcc/avr/5.4.0/../../../../avr/lib/avrxmega6\libc.a
LOAD C:/Program Files (x86)/Atmel/Studio/7.0/Packs/atmel/XMEGAA_DFP/1.1.68/gcc/dev/atxmega128a3u/avrxmega6\libatxmega128a3u.a
END GROUP
                0x00000000                __TEXT_REGION_ORIGIN__ = DEFINED (__TEXT_REGION_ORIGIN__)?__TEXT_REGION_ORIGIN__:0x0
                0x00802000                __DATA_REGION_ORIGIN__ = DEFINED (__DATA_REGION_ORIGIN__)?__DATA_REGION_ORIGIN__:0x802000
                0x00100000                __TEXT_REGION_LENGTH__ = DEFINED (__TEXT_REGION_LENGTH__)?__TEXT_REGION_LENGTH__:0x100000
                0x0000ffa0                __DATA_REGION_LENGTH__ = DEFINED (__DATA_REGION_LENGTH__)?__DATA_REGION_LENGTH__:0xffa0
                0x00010000                __EEPROM_REGION_LENGTH__ = DEFINED (__EEPROM_REGION_LENGTH__)?__EEPROM_REGION_LENGTH__:0x10000
                [0x00000006]                __FUSE_REGION_LENGTH__ = DEFINED (__FUSE_REGION_LENGTH__)?__FUSE_REGION_LENGTH__:0x400
                0x00000400                __LOCK_REGION_LENGTH__ = DEFINED (__LOCK_REGION_LENGTH__)?__LOCK_REGION_LENGTH__:0x400
                0x00000400                __SIGNATURE_REGION_LENGTH__ = DEFINED (__SIGNATURE_REGION_LENGTH__)?__SIGNATURE_REGION_LENGTH__:0x400
                0x00000400                __USER_SIGNATURE_REGION_LENGTH__ = DEFINED (__USER_SIGNATURE_REGION_LENGTH__)?__USER_SIGNATURE_REGION_LENGTH__:0x400

.hash
 *(.hash)

.dynsym
 *(.dynsym)

.dynstr
 *(.dynstr)

.gnu.version
 *(.gnu.version)

.gnu.version_d
 *(.gnu.version_d)

.gnu.version_r
 *(.gnu.version_r)

.rel.init
 *(.rel.init)

.rela.init
 *(.rela.init)

.rel.text
 *(.rel.text)
 *(.rel.text.*)
 *(.rel.gnu.linkonce.t*)

.rela.text
 *(.rela.text)
 *(.rela.text.*)
 *(.rela.gnu.linkonce.t*)

.rel.fini
 *(.rel.fini)

.rela.fini
 *(.rela.fini)

.rel.rodata
 *(.rel.rodata)
 *(.rel.rodata.*)
 *(.rel.gnu.linkonce.r*)

.rela.rodata
 *(.rela.rodata)
 *(.rela.rodata.*)
 *(.rela.gnu.linkonce.r*)

.rel.data
 *(.rel.data)
 *(.rel.data.*)
 *(.rel.gnu.linkonce.d*)

.rela.data
 *(.rela.data)
 *(.rela.data.*)
 *(.rela.gnu.linkonce.d*)

.rel.ctors
 *(.rel.ctors)

.rela.ctors
 *(.rela.ctors)

.rel.dtors
 *(.rel.dtors)

.rela.dtors
 *(.rela.dtors)

.rel.got
 *(.rel.got)

.rela.got
 *(.rela.got)

.rel.bss
 *(.rel.bss)

.rela.bss
 *(.rela.bss)

.rel.plt
 *(.rel.plt)

.rela.plt
 *(.rela.plt)

.text           0x00000000     0x449c
 *(.vectors)
 .vectors       0x00000000      0x1fc C:/Program Files (x86)/Atmel/Studio/7.0/Packs/atmel/XMEGAA_DFP/1.1.68/gcc/dev/atxmega128a3u/avrxmega6/crtatxmega128a3u.o
                0x00000000                __vector_default
                0x00000000                __vectors
 *(.vectors)
 *(.progmem.gcc*)
 .progmem.gcc_sw_table.prvTimerTask
                0x000001fc       0x14 FreeRTOS/timers.o
                0x00000210                . = ALIGN (0x2)
                0x00000210                __trampolines_start = .
 *(.trampolines)
 .trampolines   0x00000210       0x34 linker stubs
 *(.trampolines*)
                0x00000244                __trampolines_end = .
 *libprintf_flt.a:*(.progmem.data)
 *libc.a:*(.progmem.data)
 *(.progmem*)
                0x00000244                . = ALIGN (0x2)
 *(.jumptables)
 *(.jumptables*)
 *(.lowtext)
 *(.lowtext*)
                0x00000244                __ctors_start = .
 *(.ctors)
                0x00000244                __ctors_end = .
                0x00000244                __dtors_start = .
 *(.dtors)
                0x00000244                __dtors_end = .
 SORT(*)(.ctors)
 SORT(*)(.dtors)
 *(.init0)
 .init0         0x00000244        0x0 C:/Program Files (x86)/Atmel/Studio/7.0/Packs/atmel/XMEGAA_DFP/1.1.68/gcc/dev/atxmega128a3u/avrxmega6/crtatxmega128a3u.o
                0x00000244                __init
 *(.init0)
 *(.init1)
 *(.init1)
 *(.init2)
 .init2         0x00000244       0x10 C:/Program Files (x86)/Atmel/Studio/7.0/Packs/atmel/XMEGAA_DFP/1.1.68/gcc/dev/atxmega128a3u/avrxmega6/crtatxmega128a3u.o
 *(.init2)
 *(.init3)
 .init3         0x00000254       0x10 mem_check.o
                0x00000254                init_mem
 *(.init3)
 *(.init4)
 .init4         0x00000264       0x1a c:/program files (x86)/atmel/studio/7.0/toolchain/avr8/avr8-gnu-toolchain/bin/../lib/gcc/avr/5.4.0/avrxmega6\libgcc.a(_copy_data.o)
                0x00000264                __do_copy_data
 .init4         0x0000027e       0x10 c:/program files (x86)/atmel/studio/7.0/toolchain/avr8/avr8-gnu-toolchain/bin/../lib/gcc/avr/5.4.0/avrxmega6\libgcc.a(_clear_bss.o)
                0x0000027e                __do_clear_bss
 *(.init4)
 *(.init5)
 *(.init5)
 *(.init6)
 *(.init6)
 *(.init7)
 *(.init7)
 *(.init8)
 *(.init8)
 *(.init9)
 .init9         0x0000028e        0x8 C:/Program Files (x86)/Atmel/Studio/7.0/Packs/atmel/XMEGAA_DFP/1.1.68/gcc/dev/atxmega128a3u/avrxmega6/crtatxmega128a3u.o
 *(.init9)
 *(.text)
 .text          0x00000296        0x4 C:/Program Files (x86)/Atmel/Studio/7.0/Packs/atmel/XMEGAA_DFP/1.1.68/gcc/dev/atxmega128a3u/avrxmega6/crtatxmega128a3u.o
                0x00000296                __vector_38
                0x00000296                __vector_104
                0x00000296                __vector_22
                0x00000296                __vector_63
                0x00000296                __vector_28
                0x00000296                __vector_67
                0x00000296                __vector_1
                0x00000296                __vector_119
                0x00000296                __vector_32
                0x00000296                __vector_75
                0x00000296                __vector_71
                0x00000296                __vector_91
                0x00000296                __vector_34
                0x00000296                __vector_62
                0x00000296                __vector_77
                0x00000296                __vector_102
                0x00000296                __vector_24
                0x00000296                __vector_12
                0x00000296                __vector_55
                0x00000296                __vector_69
                0x00000296                __vector_81
                0x00000296                __vector_90
                0x00000296                __vector_46
                0x00000296                __bad_interrupt
                0x00000296                __vector_122
                0x00000296                __vector_72
                0x00000296                __vector_114
                0x00000296                __vector_6
                0x00000296                __vector_110
                0x00000296                __vector_31
                0x00000296                __vector_92
                0x00000296                __vector_35
                0x00000296                __vector_78
                0x00000296                __vector_74
                0x00000296                __vector_117
                0x00000296                __vector_39
                0x00000296                __vector_107
                0x00000296                __vector_3
                0x00000296                __vector_105
                0x00000296                __vector_98
                0x00000296                __vector_23
                0x00000296                __vector_68
                0x00000296                __vector_30
                0x00000296                __vector_73
                0x00000296                __vector_45
                0x00000296                __vector_25
                0x00000296                __vector_93
                0x00000296                __vector_61
                0x00000296                __vector_11
                0x00000296                __vector_54
                0x00000296                __vector_99
                0x00000296                __vector_13
                0x00000296                __vector_17
                0x00000296                __vector_19
                0x00000296                __vector_56
                0x00000296                __vector_7
                0x00000296                __vector_125
                0x00000296                __vector_49
                0x00000296                __vector_123
                0x00000296                __vector_41
                0x00000296                __vector_86
                0x00000296                __vector_100
                0x00000296                __vector_101
                0x00000296                __vector_64
                0x00000296                __vector_88
                0x00000296                __vector_109
                0x00000296                __vector_43
                0x00000296                __vector_27
                0x00000296                __vector_5
                0x00000296                __vector_113
                0x00000296                __vector_33
                0x00000296                __vector_76
                0x00000296                __vector_115
                0x00000296                __vector_47
                0x00000296                __vector_52
                0x00000296                __vector_37
                0x00000296                __vector_95
                0x00000296                __vector_103
                0x00000296                __vector_96
                0x00000296                __vector_89
                0x00000296                __vector_4
                0x00000296                __vector_44
                0x00000296                __vector_82
                0x00000296                __vector_106
                0x00000296                __vector_118
                0x00000296                __vector_51
                0x00000296                __vector_9
                0x00000296                __vector_2
                0x00000296                __vector_21
                0x00000296                __vector_15
                0x00000296                __vector_66
                0x00000296                __vector_36
                0x00000296                __vector_79
                0x00000296                __vector_58
                0x00000296                __vector_70
                0x00000296                __vector_83
                0x00000296                __vector_29
                0x00000296                __vector_60
                0x00000296                __vector_121
                0x00000296                __vector_40
                0x00000296                __vector_85
                0x00000296                __vector_94
                0x00000296                __vector_126
                0x00000296                __vector_8
                0x00000296                __vector_26
                0x00000296                __vector_48
                0x00000296                __vector_124
                0x00000296                __vector_116
                0x00000296                __vector_112
                0x00000296                __vector_111
                0x00000296                __vector_80
                0x00000296                __vector_84
                0x00000296                __vector_57
                0x00000296                __vector_53
                0x00000296                __vector_10
                0x00000296                __vector_50
                0x00000296                __vector_16
                0x00000296                __vector_59
                0x00000296                __vector_18
                0x00000296                __vector_97
                0x00000296                __vector_42
                0x00000296                __vector_87
                0x00000296                __vector_65
                0x00000296                __vector_120
                0x0000029a                . = ALIGN (0x2)
 *(.text.*)
 .text.initButtons
                0x0000029a       0x16 ButtonHandler.o
                0x0000029a                initButtons
 .text.updateButtons
                0x000002b0      0x14a ButtonHandler.o
                0x000002b0                updateButtons
 .text.getButtonPress
                0x000003fa       0x2c ButtonHandler.o
                0x000003fa                getButtonPress
 .text.CCPWrite
                0x00000426       0x2a driver/clksys_driver.o
                0x00000426                CCPWrite
 .text.CLKSYS_XOSC_Config
                0x00000450       0x14 driver/clksys_driver.o
                0x00000450                CLKSYS_XOSC_Config
 .text.CLKSYS_PLL_Config
                0x00000464        0xa driver/clksys_driver.o
                0x00000464                CLKSYS_PLL_Config
 .text.CLKSYS_Disable
                0x0000046e       0x14 driver/clksys_driver.o
                0x0000046e                CLKSYS_Disable
 .text.CLKSYS_Prescalers_Config
                0x00000482        0xc driver/clksys_driver.o
                0x00000482                CLKSYS_Prescalers_Config
 .text.CLKSYS_Main_ClockSource_Select
                0x0000048e       0x2a driver/clksys_driver.o
                0x0000048e                CLKSYS_Main_ClockSource_Select
 .text.TC0_ConfigClockSource
                0x000004b8        0xc driver/TC_driver.o
                0x000004b8                TC0_ConfigClockSource
 .text.TC0_ConfigWGM
                0x000004c4        0xc driver/TC_driver.o
                0x000004c4                TC0_ConfigWGM
 .text.TC0_SetOverflowIntLevel
                0x000004d0        0xc driver/TC_driver.o
                0x000004d0                TC0_SetOverflowIntLevel
 .text.software_reset
                0x000004dc        0xe errorHandler.o
                0x000004dc                software_reset
 .text.vApplicationStackOverflowHook
                0x000004ea        0x6 errorHandler.o
                0x000004ea                vApplicationStackOverflowHook
 .text.xEventGroupCreate
                0x000004f0       0x2a FreeRTOS/event_groups.o
                0x000004f0                xEventGroupCreate
 .text.xEventGroupWaitBits
                0x0000051a      0x18a FreeRTOS/event_groups.o
                0x0000051a                xEventGroupWaitBits
 .text.xEventGroupClearBits
                0x000006a4       0x42 FreeRTOS/event_groups.o
                0x000006a4                xEventGroupClearBits
 .text.xEventGroupSetBits
                0x000006e6      0x124 FreeRTOS/event_groups.o
                0x000006e6                xEventGroupSetBits
 .text.vEventGroupSetBitsCallback
                0x0000080a        0x6 FreeRTOS/event_groups.o
                0x0000080a                vEventGroupSetBitsCallback
 .text.xEventGroupSetBitsFromISR
                0x00000810       0x1a FreeRTOS/event_groups.o
                0x00000810                xEventGroupSetBitsFromISR
 .text.pvPortMalloc
                0x0000082a       0x4c FreeRTOS/heap_1.o
                0x0000082a                pvPortMalloc
 .text.vPortFree
                0x00000876        0x2 FreeRTOS/heap_1.o
                0x00000876                vPortFree
 .text.vListInitialise
                0x00000878       0x22 FreeRTOS/list.o
                0x00000878                vListInitialise
 .text.vListInitialiseItem
                0x0000089a        0x8 FreeRTOS/list.o
                0x0000089a                vListInitialiseItem
 .text.vListInsertEnd
                0x000008a2       0x42 FreeRTOS/list.o
                0x000008a2                vListInsertEnd
 .text.vListInsert
                0x000008e4       0x7a FreeRTOS/list.o
                0x000008e4                vListInsert
 .text.uxListRemove
                0x0000095e       0x4e FreeRTOS/list.o
                0x0000095e                uxListRemove
 .text._portSetInterruptMaskFromIsr
                0x000009ac        0xe FreeRTOS/port.o
                0x000009ac                _portSetInterruptMaskFromIsr
 .text.pxPortInitialiseStack
                0x000009ba       0xfa FreeRTOS/port.o
                0x000009ba                pxPortInitialiseStack
 .text.xPortStartScheduler
                0x00000ab4       0x80 FreeRTOS/port.o
                0x00000ab4                xPortStartScheduler
 .text.vPortYield
                0x00000b34       0xc2 FreeRTOS/port.o
                0x00000b34                vPortYield
 .text.portTaskSwitchContext
                0x00000bf6       0x3e FreeRTOS/port.o
                0x00000bf6                portTaskSwitchContext
 .text.__vector_14
                0x00000c34       0xd2 FreeRTOS/port.o
                0x00000c34                __vector_14
 .text.prvIsQueueEmpty
                0x00000d06       0x1e FreeRTOS/queue.o
 .text.prvIsQueueFull
                0x00000d24       0x26 FreeRTOS/queue.o
 .text.prvCopyDataToQueue
                0x00000d4a       0x92 FreeRTOS/queue.o
 .text.prvCopyDataFromQueue
                0x00000ddc       0x34 FreeRTOS/queue.o
 .text.prvUnlockQueue
                0x00000e10       0xac FreeRTOS/queue.o
 .text.xQueueGenericReset
                0x00000ebc       0x82 FreeRTOS/queue.o
                0x00000ebc                xQueueGenericReset
 .text.xQueueGenericCreate
                0x00000f3e       0x62 FreeRTOS/queue.o
                0x00000f3e                xQueueGenericCreate
 .text.xQueueGenericSend
                0x00000fa0      0x14c FreeRTOS/queue.o
                0x00000fa0                xQueueGenericSend
 .text.xQueueGenericSendFromISR
                0x000010ec       0x8a FreeRTOS/queue.o
                0x000010ec                xQueueGenericSendFromISR
 .text.xQueueReceive
                0x00001176      0x14c FreeRTOS/queue.o
                0x00001176                xQueueReceive
 .text.uxQueueMessagesWaiting
                0x000012c2       0x18 FreeRTOS/queue.o
                0x000012c2                uxQueueMessagesWaiting
 .text.vQueueWaitForMessageRestricted
                0x000012da       0x42 FreeRTOS/queue.o
                0x000012da                vQueueWaitForMessageRestricted
 .text.prvResetNextTaskUnblockTime
                0x0000131c       0x54 FreeRTOS/tasks.o
 .text.prvAddCurrentTaskToDelayedList
                0x00001370       0xee FreeRTOS/tasks.o
 .text.prvIdleTask
                0x0000145e       0x14 FreeRTOS/tasks.o
 .text.xTaskCreate
                0x00001472      0x22a FreeRTOS/tasks.o
                0x00001472                xTaskCreate
 .text.vTaskStartScheduler
                0x0000169c       0x76 FreeRTOS/tasks.o
                0x0000169c                vTaskStartScheduler
 .text.vTaskSuspendAll
                0x00001712        0xc FreeRTOS/tasks.o
                0x00001712                vTaskSuspendAll
 .text.xTaskGetTickCount
                0x0000171e       0x24 FreeRTOS/tasks.o
                0x0000171e                xTaskGetTickCount
 .text.xTaskIncrementTick
                0x00001742      0x1a6 FreeRTOS/tasks.o
                0x00001742                xTaskIncrementTick
 .text.xTaskResumeAll
                0x000018e8      0x104 FreeRTOS/tasks.o
                0x000018e8                xTaskResumeAll
 .text.vTaskDelay
                0x000019ec       0x38 FreeRTOS/tasks.o
                0x000019ec                vTaskDelay
 .text.vTaskSwitchContext
                0x00001a24      0x11c FreeRTOS/tasks.o
                0x00001a24                vTaskSwitchContext
 .text.vTaskPlaceOnEventList
                0x00001b40       0x30 FreeRTOS/tasks.o
                0x00001b40                vTaskPlaceOnEventList
 .text.vTaskPlaceOnUnorderedEventList
                0x00001b70       0x4a FreeRTOS/tasks.o
                0x00001b70                vTaskPlaceOnUnorderedEventList
 .text.vTaskPlaceOnEventListRestricted
                0x00001bba       0x42 FreeRTOS/tasks.o
                0x00001bba                vTaskPlaceOnEventListRestricted
 .text.xTaskRemoveFromEventList
                0x00001bfc       0x84 FreeRTOS/tasks.o
                0x00001bfc                xTaskRemoveFromEventList
 .text.vTaskRemoveFromUnorderedEventList
                0x00001c80       0x68 FreeRTOS/tasks.o
                0x00001c80                vTaskRemoveFromUnorderedEventList
 .text.vTaskInternalSetTimeOutState
                0x00001ce8       0x22 FreeRTOS/tasks.o
                0x00001ce8                vTaskInternalSetTimeOutState
 .text.xTaskCheckForTimeOut
                0x00001d0a       0xbc FreeRTOS/tasks.o
                0x00001d0a                xTaskCheckForTimeOut
 .text.vTaskMissedYield
                0x00001dc6        0x8 FreeRTOS/tasks.o
                0x00001dc6                vTaskMissedYield
 .text.xTaskGetSchedulerState
                0x00001dce       0x1c FreeRTOS/tasks.o
                0x00001dce                xTaskGetSchedulerState
 .text.uxTaskResetEventItemValue
                0x00001dea       0x50 FreeRTOS/tasks.o
                0x00001dea                uxTaskResetEventItemValue
 .text.xTaskNotifyWait
                0x00001e3a      0x126 FreeRTOS/tasks.o
                0x00001e3a                xTaskNotifyWait
 .text.xTaskGenericNotify
                0x00001f60      0x12c FreeRTOS/tasks.o
                0x00001f60                xTaskGenericNotify
 .text.xTaskGenericNotifyFromISR
                0x0000208c      0x142 FreeRTOS/tasks.o
                0x0000208c                xTaskGenericNotifyFromISR
 .text.prvInsertTimerInActiveList
                0x000021ce       0x92 FreeRTOS/timers.o
 .text.prvCheckForValidListAndQueue
                0x00002260       0x5a FreeRTOS/timers.o
 .text.xTimerCreateTimerTask
                0x000022ba       0x44 FreeRTOS/timers.o
                0x000022ba                xTimerCreateTimerTask
 .text.xTimerGenericCommand
                0x000022fe       0xb2 FreeRTOS/timers.o
                0x000022fe                xTimerGenericCommand
 .text.prvSampleTimeNow
                0x000023b0      0x130 FreeRTOS/timers.o
 .text.prvTimerTask
                0x000024e0      0x25e FreeRTOS/timers.o
 .text.xTimerPendFunctionCallFromISR
                0x0000273e       0x4c FreeRTOS/timers.o
                0x0000273e                xTimerPendFunctionCallFromISR
 .text.vInitClock
                0x0000278a       0x70 init.o
                0x0000278a                vInitClock
 .text.vHeartbeat
                0x000027fa       0x74 main.o
                0x000027fa                vHeartbeat
 .text.vLedBlink
                0x0000286e       0x84 main.o
                0x0000286e                vLedBlink
 .text.vButtonTask
                0x000028f2      0x142 main.o
                0x000028f2                vButtonTask
 .text.vTaskxLeibnizAlgo
                0x00002a34       0xa4 main.o
                0x00002a34                vTaskxLeibnizAlgo
 .text.vUserInterface
                0x00002ad8       0xc8 main.o
                0x00002ad8                vUserInterface
 .text.vApplicationIdleHook
                0x00002ba0        0x2 main.o
                0x00002ba0                vApplicationIdleHook
 .text.vInitHeartbeatCounter
                0x00002ba2       0x24 main.o
                0x00002ba2                vInitHeartbeatCounter
 .text.main     0x00002bc6       0xcc main.o
                0x00002bc6                main
 .text.__vector_20
                0x00002c92       0x90 main.o
                0x00002c92                __vector_20
 .text.__vector_108
                0x00002d22       0x86 NHD0420Driver.o
                0x00002d22                __vector_108
 .text.delayUS  0x00002da8       0xe6 NHD0420Driver.o
                0x00002da8                delayUS
 .text.setPort  0x00002e8e       0x1a NHD0420Driver.o
                0x00002e8e                setPort
 .text.Nybble   0x00002ea8       0x24 NHD0420Driver.o
                0x00002ea8                Nybble
 .text.command  0x00002ecc       0x2c NHD0420Driver.o
                0x00002ecc                command
 .text.write    0x00002ef8       0x2c NHD0420Driver.o
                0x00002ef8                write
 .text.vInitDisplay
                0x00002f24       0x88 NHD0420Driver.o
                0x00002f24                vInitDisplay
 .text._displaySetPos
                0x00002fac       0x4e NHD0420Driver.o
                0x00002fac                _displaySetPos
 .text._displayWriteChar
                0x00002ffa       0x12 NHD0420Driver.o
                0x00002ffa                _displayWriteChar
 .text._displayWriteString
                0x0000300c       0x3e NHD0420Driver.o
                0x0000300c                _displayWriteString
 .text._displayWriteStringAtPos
                0x0000304a       0x16 NHD0420Driver.o
                0x0000304a                _displayWriteStringAtPos
 .text.vDisplayUpdateTask
                0x00003060      0x1bc NHD0420Driver.o
                0x00003060                vDisplayUpdateTask
 .text.vDisplayClear
                0x0000321c       0x16 NHD0420Driver.o
                0x0000321c                vDisplayClear
 .text.vDisplayWriteStringAtPos
                0x00003232      0x746 NHD0420Driver.o
                0x00003232                vDisplayWriteStringAtPos
 .text.avr-libc.fplib
                0x00003978        0xe c:/program files (x86)/atmel/studio/7.0/toolchain/avr8/avr8-gnu-toolchain/bin/../lib/gcc/avr/5.4.0/../../../../avr/lib/avrxmega6\libm.a(addsf3.o)
                0x00003978                __subsf3
                0x0000397a                __addsf3
 .text.avr-libc.fplib
                0x00003986       0xcc c:/program files (x86)/atmel/studio/7.0/toolchain/avr8/avr8-gnu-toolchain/bin/../lib/gcc/avr/5.4.0/../../../../avr/lib/avrxmega6\libm.a(addsf3x.o)
                0x000039a8                __addsf3x
 .text.avr-libc.fplib
                0x00003a52        0xa c:/program files (x86)/atmel/studio/7.0/toolchain/avr8/avr8-gnu-toolchain/bin/../lib/gcc/avr/5.4.0/../../../../avr/lib/avrxmega6\libm.a(cmpsf2.o)
                0x00003a52                __nesf2
                0x00003a52                __eqsf2
                0x00003a52                __cmpsf2
                0x00003a52                __ltsf2
                0x00003a52                __lesf2
 .text.avr-libc.fplib
                0x00003a5c        0x8 c:/program files (x86)/atmel/studio/7.0/toolchain/avr8/avr8-gnu-toolchain/bin/../lib/gcc/avr/5.4.0/../../../../avr/lib/avrxmega6\libm.a(divsf3.o)
                0x00003a5c                __divsf3
 .text.avr-libc.fplib
                0x00003a64       0xdc c:/program files (x86)/atmel/studio/7.0/toolchain/avr8/avr8-gnu-toolchain/bin/../lib/gcc/avr/5.4.0/../../../../avr/lib/avrxmega6\libm.a(divsf3x.o)
                0x00003a84                __divsf3x
                0x00003a8a                __divsf3_pse
 .text.avr-libc.fplib
                0x00003b40        0xe c:/program files (x86)/atmel/studio/7.0/toolchain/avr8/avr8-gnu-toolchain/bin/../lib/gcc/avr/5.4.0/../../../../avr/lib/avrxmega6\libm.a(fixsfsi.o)
                0x00003b40                __fixsfsi
 .text.avr-libc.fplib
                0x00003b4e       0x5e c:/program files (x86)/atmel/studio/7.0/toolchain/avr8/avr8-gnu-toolchain/bin/../lib/gcc/avr/5.4.0/../../../../avr/lib/avrxmega6\libm.a(fixunssfsi.o)
                0x00003b4e                __fixunssfsi
 .text.avr-libc.fplib
                0x00003bac       0x7a c:/program files (x86)/atmel/studio/7.0/toolchain/avr8/avr8-gnu-toolchain/bin/../lib/gcc/avr/5.4.0/../../../../avr/lib/avrxmega6\libm.a(floatsisf.o)
                0x00003bac                __floatunsisf
                0x00003bb0                __floatsisf
 .text.avr-libc.fplib
                0x00003c26       0x48 c:/program files (x86)/atmel/studio/7.0/toolchain/avr8/avr8-gnu-toolchain/bin/../lib/gcc/avr/5.4.0/../../../../avr/lib/avrxmega6\libm.a(fp_cmp.o)
                0x00003c26                __fp_cmp
 .text.avr-libc.fplib
                0x00003c6e        0xc c:/program files (x86)/atmel/studio/7.0/toolchain/avr8/avr8-gnu-toolchain/bin/../lib/gcc/avr/5.4.0/../../../../avr/lib/avrxmega6\libm.a(fp_inf.o)
                0x00003c6e                __fp_inf
 .text.avr-libc.fplib
                0x00003c7a        0x6 c:/program files (x86)/atmel/studio/7.0/toolchain/avr8/avr8-gnu-toolchain/bin/../lib/gcc/avr/5.4.0/../../../../avr/lib/avrxmega6\libm.a(fp_nan.o)
                0x00003c7a                __fp_nan
 .text.avr-libc.fplib
                0x00003c80        0xe c:/program files (x86)/atmel/studio/7.0/toolchain/avr8/avr8-gnu-toolchain/bin/../lib/gcc/avr/5.4.0/../../../../avr/lib/avrxmega6\libm.a(fp_pscA.o)
                0x00003c80                __fp_pscA
 .text.avr-libc.fplib
                0x00003c8e        0xe c:/program files (x86)/atmel/studio/7.0/toolchain/avr8/avr8-gnu-toolchain/bin/../lib/gcc/avr/5.4.0/../../../../avr/lib/avrxmega6\libm.a(fp_pscB.o)
                0x00003c8e                __fp_pscB
 .text.avr-libc.fplib
                0x00003c9c       0x22 c:/program files (x86)/atmel/studio/7.0/toolchain/avr8/avr8-gnu-toolchain/bin/../lib/gcc/avr/5.4.0/../../../../avr/lib/avrxmega6\libm.a(fp_round.o)
                0x00003c9c                __fp_round
 .text.avr-libc.fplib
                0x00003cbe       0x44 c:/program files (x86)/atmel/studio/7.0/toolchain/avr8/avr8-gnu-toolchain/bin/../lib/gcc/avr/5.4.0/../../../../avr/lib/avrxmega6\libm.a(fp_split3.o)
                0x00003cbe                __fp_split3
                0x00003cce                __fp_splitA
 .text.avr-libc.fplib
                0x00003d02        0xe c:/program files (x86)/atmel/studio/7.0/toolchain/avr8/avr8-gnu-toolchain/bin/../lib/gcc/avr/5.4.0/../../../../avr/lib/avrxmega6\libm.a(fp_zero.o)
                0x00003d02                __fp_zero
                0x00003d04                __fp_szero
 .text.avr-libc.fplib
                0x00003d10        0xa c:/program files (x86)/atmel/studio/7.0/toolchain/avr8/avr8-gnu-toolchain/bin/../lib/gcc/avr/5.4.0/../../../../avr/lib/avrxmega6\libm.a(gesf2.o)
                0x00003d10                __gesf2
                0x00003d10                __gtsf2
 .text.avr-libc.fplib
                0x00003d1a        0x8 c:/program files (x86)/atmel/studio/7.0/toolchain/avr8/avr8-gnu-toolchain/bin/../lib/gcc/avr/5.4.0/../../../../avr/lib/avrxmega6\libm.a(mulsf3.o)
                0x00003d1a                __mulsf3
 .text.avr-libc.fplib
                0x00003d22       0xd2 c:/program files (x86)/atmel/studio/7.0/toolchain/avr8/avr8-gnu-toolchain/bin/../lib/gcc/avr/5.4.0/../../../../avr/lib/avrxmega6\libm.a(mulsf3x.o)
                0x00003d40                __mulsf3x
                0x00003d46                __mulsf3_pse
 .text.libgcc.div
                0x00003df4       0x28 c:/program files (x86)/atmel/studio/7.0/toolchain/avr8/avr8-gnu-toolchain/bin/../lib/gcc/avr/5.4.0/avrxmega6\libgcc.a(_divmodhi4.o)
                0x00003df4                _div
                0x00003df4                __divmodhi4
 .text.libgcc   0x00003e1c       0x10 c:/program files (x86)/atmel/studio/7.0/toolchain/avr8/avr8-gnu-toolchain/bin/../lib/gcc/avr/5.4.0/avrxmega6\libgcc.a(_tablejump2.o)
                0x00003e1c                __tablejump2__
 .text.libgcc.div
                0x00003e2c       0x28 c:/program files (x86)/atmel/studio/7.0/toolchain/avr8/avr8-gnu-toolchain/bin/../lib/gcc/avr/5.4.0/avrxmega6\libgcc.a(_udivmodhi4.o)
                0x00003e2c                __udivmodhi4
 .text.avr-libc
                0x00003e54       0x12 c:/program files (x86)/atmel/studio/7.0/toolchain/avr8/avr8-gnu-toolchain/bin/../lib/gcc/avr/5.4.0/../../../../avr/lib/avrxmega6\libc.a(memcpy.o)
                0x00003e54                memcpy
 .text.avr-libc
                0x00003e66        0xe c:/program files (x86)/atmel/studio/7.0/toolchain/avr8/avr8-gnu-toolchain/bin/../lib/gcc/avr/5.4.0/../../../../avr/lib/avrxmega6\libc.a(memset.o)
                0x00003e66                memset
 .text.avr-libc
                0x00003e74       0x16 c:/program files (x86)/atmel/studio/7.0/toolchain/avr8/avr8-gnu-toolchain/bin/../lib/gcc/avr/5.4.0/../../../../avr/lib/avrxmega6\libc.a(itoa_ncheck.o)
                0x00003e74                __itoa_ncheck
 .text.avr-libc
                0x00003e8a       0x34 c:/program files (x86)/atmel/studio/7.0/toolchain/avr8/avr8-gnu-toolchain/bin/../lib/gcc/avr/5.4.0/../../../../avr/lib/avrxmega6\libc.a(utoa_ncheck.o)
                0x00003e8a                __utoa_ncheck
                0x00003e8c                __utoa_common
 .text.avr-libc
                0x00003ebe       0x52 c:/program files (x86)/atmel/studio/7.0/toolchain/avr8/avr8-gnu-toolchain/bin/../lib/gcc/avr/5.4.0/../../../../avr/lib/avrxmega6\libc.a(sprintf.o)
                0x00003ebe                sprintf
 .text.avr-libc
                0x00003f10      0x408 c:/program files (x86)/atmel/studio/7.0/toolchain/avr8/avr8-gnu-toolchain/bin/../lib/gcc/avr/5.4.0/../../../../avr/lib/avrxmega6\libc.a(vfprintf_std.o)
                0x00003f10                vfprintf
 .text.avr-libc
                0x00004318       0x16 c:/program files (x86)/atmel/studio/7.0/toolchain/avr8/avr8-gnu-toolchain/bin/../lib/gcc/avr/5.4.0/../../../../avr/lib/avrxmega6\libc.a(strnlen_P.o)
                0x00004318                strnlen_P
 .text.avr-libc
                0x0000432e       0x16 c:/program files (x86)/atmel/studio/7.0/toolchain/avr8/avr8-gnu-toolchain/bin/../lib/gcc/avr/5.4.0/../../../../avr/lib/avrxmega6\libc.a(strnlen.o)
                0x0000432e                strnlen
 .text.avr-libc
                0x00004344       0x20 c:/program files (x86)/atmel/studio/7.0/toolchain/avr8/avr8-gnu-toolchain/bin/../lib/gcc/avr/5.4.0/../../../../avr/lib/avrxmega6\libc.a(strrev.o)
                0x00004344                strrev
 .text.avr-libc
                0x00004364       0x78 c:/program files (x86)/atmel/studio/7.0/toolchain/avr8/avr8-gnu-toolchain/bin/../lib/gcc/avr/5.4.0/../../../../avr/lib/avrxmega6\libc.a(fputc.o)
                0x00004364                fputc
 .text.avr-libc
                0x000043dc       0xbc c:/program files (x86)/atmel/studio/7.0/toolchain/avr8/avr8-gnu-toolchain/bin/../lib/gcc/avr/5.4.0/../../../../avr/lib/avrxmega6\libc.a(ultoa_invert.o)
                0x000043dc                __ultoa_invert
                0x00004498                . = ALIGN (0x2)
 *(.fini9)
 .fini9         0x00004498        0x0 c:/program files (x86)/atmel/studio/7.0/toolchain/avr8/avr8-gnu-toolchain/bin/../lib/gcc/avr/5.4.0/avrxmega6\libgcc.a(_exit.o)
                0x00004498                _exit
                0x00004498                exit
 *(.fini9)
 *(.fini8)
 *(.fini8)
 *(.fini7)
 *(.fini7)
 *(.fini6)
 *(.fini6)
 *(.fini5)
 *(.fini5)
 *(.fini4)
 *(.fini4)
 *(.fini3)
 *(.fini3)
 *(.fini2)
 *(.fini2)
 *(.fini1)
 *(.fini1)
 *(.fini0)
 .fini0         0x00004498        0x4 c:/program files (x86)/atmel/studio/7.0/toolchain/avr8/avr8-gnu-toolchain/bin/../lib/gcc/avr/5.4.0/avrxmega6\libgcc.a(_exit.o)
 *(.fini0)
                0x0000449c                _etext = .

.data           0x00802000       0x6e load address 0x0000449c
                0x00802000                PROVIDE (__data_start, .)
 *(.data)
 *(.data*)
 *(.gnu.linkonce.d*)
 *(.rodata)
 *(.rodata*)
 .rodata.str1.1
                0x00802000        0x5 FreeRTOS/tasks.o
 .rodata.str1.1
                0x00802005        0x8 FreeRTOS/timers.o
 .rodata.str1.1
                0x0080200d       0x55 main.o
 .rodata.str1.1
                0x00802062        0xb NHD0420Driver.o
 *(.gnu.linkonce.r*)
                0x0080206e                . = ALIGN (0x2)
 *fill*         0x0080206d        0x1 
                0x0080206e                _edata = .
                0x0080206e                PROVIDE (__data_end, .)

.bss            0x0080206e      0xc96
                0x0080206e                PROVIDE (__bss_start, .)
 *(.bss)
 *(.bss*)
 .bss.b4Count.3832
                0x0080206e        0x2 ButtonHandler.o
 .bss.b3Count.3831
                0x00802070        0x2 ButtonHandler.o
 .bss.b2Count.3830
                0x00802072        0x2 ButtonHandler.o
 .bss.b1Count.3829
                0x00802074        0x2 ButtonHandler.o
 .bss.xNextFreeByte
                0x00802076        0x2 FreeRTOS/heap_1.o
 .bss.xHeap     0x00802078      0xbb8 FreeRTOS/heap_1.o
 .bss.uxSchedulerSuspended
                0x00802c30        0x1 FreeRTOS/tasks.o
 .bss.xIdleTaskHandle
                0x00802c31        0x2 FreeRTOS/tasks.o
 .bss.xNextTaskUnblockTime
                0x00802c33        0x4 FreeRTOS/tasks.o
 .bss.uxTaskNumber
                0x00802c37        0x1 FreeRTOS/tasks.o
 .bss.xNumOfOverflows
                0x00802c38        0x1 FreeRTOS/tasks.o
 .bss.xYieldPending
                0x00802c39        0x1 FreeRTOS/tasks.o
 .bss.uxPendedTicks
                0x00802c3a        0x1 FreeRTOS/tasks.o
 .bss.xSchedulerRunning
                0x00802c3b        0x1 FreeRTOS/tasks.o
 .bss.uxTopReadyPriority
                0x00802c3c        0x1 FreeRTOS/tasks.o
 .bss.xTickCount
                0x00802c3d        0x4 FreeRTOS/tasks.o
 .bss.uxCurrentNumberOfTasks
                0x00802c41        0x1 FreeRTOS/tasks.o
 .bss.xSuspendedTaskList
                0x00802c42        0xb FreeRTOS/tasks.o
 .bss.xPendingReadyList
                0x00802c4d        0xb FreeRTOS/tasks.o
 .bss.pxOverflowDelayedTaskList
                0x00802c58        0x2 FreeRTOS/tasks.o
 .bss.pxDelayedTaskList
                0x00802c5a        0x2 FreeRTOS/tasks.o
 .bss.xDelayedTaskList2
                0x00802c5c        0xb FreeRTOS/tasks.o
 .bss.xDelayedTaskList1
                0x00802c67        0xb FreeRTOS/tasks.o
 .bss.pxReadyTasksLists
                0x00802c72       0x2c FreeRTOS/tasks.o
 .bss.pxCurrentTCB
                0x00802c9e        0x2 FreeRTOS/tasks.o
                0x00802c9e                pxCurrentTCB
 .bss.xLastTime.4745
                0x00802ca0        0x4 FreeRTOS/timers.o
 .bss.xTimerTaskHandle
                0x00802ca4        0x2 FreeRTOS/timers.o
 .bss.xTimerQueue
                0x00802ca6        0x2 FreeRTOS/timers.o
 .bss.pxOverflowTimerList
                0x00802ca8        0x2 FreeRTOS/timers.o
 .bss.pxCurrentTimerList
                0x00802caa        0x2 FreeRTOS/timers.o
 .bss.xActiveTimerList2
                0x00802cac        0xb FreeRTOS/timers.o
 .bss.xActiveTimerList1
                0x00802cb7        0xb FreeRTOS/timers.o
 .bss.GlPi      0x00802cc2        0x4 main.o
                0x00802cc2                GlPi
 .bss.ucClockMinutes
                0x00802cc6        0x1 main.o
                0x00802cc6                ucClockMinutes
 .bss.ucClockSeconds
                0x00802cc7        0x1 main.o
                0x00802cc7                ucClockSeconds
 .bss.str.4996  0x00802cc8       0x14 NHD0420Driver.o
 .bss.buffer.4995
                0x00802cdc       0x14 NHD0420Driver.o
 *(COMMON)
 COMMON         0x00802cf0        0x4 ButtonHandler.o
                0x00802cf0                b1Status
                0x00802cf1                b2Status
                0x00802cf2                b3Status
                0x00802cf3                b4Status
 COMMON         0x00802cf4        0x1 FreeRTOS/port.o
                0x00802cf4                intTaskSwitchPending
 COMMON         0x00802cf5        0xb main.o
                0x00802cf5                xUserInterfaceHandle
                0x00802cf7                xLeibnizAlgo
                0x00802cf9                xHeartbeatTaskHandle
                0x00802cfb                xButtonTaskHandle
                0x00802cfd                xledTask
                0x00802cff                ucHeartbeatTimerCounter
 COMMON         0x00802d00        0x4 NHD0420Driver.o
                0x00802d00                displayLineQueue
                0x00802d02                egDisplayTiming
                0x00802d04                PROVIDE (__bss_end, .)
                0x0000449c                __data_load_start = LOADADDR (.data)
                0x0000450a                __data_load_end = (__data_load_start + SIZEOF (.data))

.noinit         0x00802d04        0x0
                [!provide]                PROVIDE (__noinit_start, .)
 *(.noinit*)
                [!provide]                PROVIDE (__noinit_end, .)
                0x00802d04                _end = .
                0x00802d04                PROVIDE (__heap_start, .)

.eeprom         0x00810000        0x0
 *(.eeprom*)
                0x00810000                __eeprom_end = .

.fuse
 *(.fuse)
 *(.lfuse)
 *(.hfuse)
 *(.efuse)

.lock
 *(.lock*)

.signature
 *(.signature*)

.user_signatures
 *(.user_signatures*)

.stab
 *(.stab)

.stabstr
 *(.stabstr)

.stab.excl
 *(.stab.excl)

.stab.exclstr
 *(.stab.exclstr)

.stab.index
 *(.stab.index)

.stab.indexstr
 *(.stab.indexstr)

.comment        0x00000000       0x5c
 *(.comment)
 .comment       0x00000000       0x30 ButtonHandler.o
                                 0x31 (size before relaxing)
 .comment       0x00000030       0x31 driver/clksys_driver.o
 .comment       0x00000030       0x31 driver/TC_driver.o
 .comment       0x00000030       0x31 errorHandler.o
 .comment       0x00000030       0x31 FreeRTOS/event_groups.o
 .comment       0x00000030       0x31 FreeRTOS/heap_1.o
 .comment       0x00000030       0x31 FreeRTOS/list.o
 .comment       0x00000030       0x31 FreeRTOS/port.o
 .comment       0x00000030       0x31 FreeRTOS/queue.o
 .comment       0x00000030       0x31 FreeRTOS/tasks.o
 .comment       0x00000030       0x31 FreeRTOS/timers.o
 .comment       0x00000030       0x31 init.o
 .comment       0x00000030       0x31 main.o
 .comment       0x00000030       0x31 mem_check.o
 .comment       0x00000030       0x31 NHD0420Driver.o
 .comment       0x00000030       0x31 c:/program files (x86)/atmel/studio/7.0/toolchain/avr8/avr8-gnu-toolchain/bin/../lib/gcc/avr/5.4.0/../../../../avr/lib/avrxmega6\libc.a(sprintf.o)
 .comment       0x00000030       0x2c c:/program files (x86)/atmel/studio/7.0/toolchain/avr8/avr8-gnu-toolchain/bin/../lib/gcc/avr/5.4.0/../../../../avr/lib/avrxmega6\libc.a(vfprintf_std.o)
                                 0x2d (size before relaxing)
 .comment       0x0000005c       0x31 c:/program files (x86)/atmel/studio/7.0/toolchain/avr8/avr8-gnu-toolchain/bin/../lib/gcc/avr/5.4.0/../../../../avr/lib/avrxmega6\libc.a(fputc.o)

.note.gnu.avr.deviceinfo
                0x00000000       0x40
 .note.gnu.avr.deviceinfo
                0x00000000       0x40 C:/Program Files (x86)/Atmel/Studio/7.0/Packs/atmel/XMEGAA_DFP/1.1.68/gcc/dev/atxmega128a3u/avrxmega6/crtatxmega128a3u.o

.note.gnu.build-id
 *(.note.gnu.build-id)

.debug
 *(.debug)

.line
 *(.line)

.debug_srcinfo
 *(.debug_srcinfo)

.debug_sfnames
 *(.debug_sfnames)

.debug_aranges  0x00000000      0x768
 *(.debug_aranges)
 .debug_aranges
                0x00000000       0x30 ButtonHandler.o
 .debug_aranges
                0x00000030       0x68 driver/clksys_driver.o
 .debug_aranges
                0x00000098       0xc8 driver/TC_driver.o
 .debug_aranges
                0x00000160       0x40 errorHandler.o
 .debug_aranges
                0x000001a0       0x80 FreeRTOS/event_groups.o
 .debug_aranges
                0x00000220       0x38 FreeRTOS/heap_1.o
 .debug_aranges
                0x00000258       0x40 FreeRTOS/list.o
 .debug_aranges
                0x00000298       0x50 FreeRTOS/port.o
 .debug_aranges
                0x000002e8      0x100 FreeRTOS/queue.o
 .debug_aranges
                0x000003e8      0x180 FreeRTOS/tasks.o
 .debug_aranges
                0x00000568       0xa8 FreeRTOS/timers.o
 .debug_aranges
                0x00000610       0x20 init.o
 .debug_aranges
                0x00000630       0x60 main.o
 .debug_aranges
                0x00000690       0x28 mem_check.o
 .debug_aranges
                0x000006b8       0xb0 NHD0420Driver.o

.debug_pubnames
 *(.debug_pubnames)

.debug_info     0x00000000     0xee92
 *(.debug_info .gnu.linkonce.wi.*)
 .debug_info    0x00000000     0x3409 C:/Program Files (x86)/Atmel/Studio/7.0/Packs/atmel/XMEGAA_DFP/1.1.68/gcc/dev/atxmega128a3u/avrxmega6/crtatxmega128a3u.o
 .debug_info    0x00003409      0x35d ButtonHandler.o
 .debug_info    0x00003766      0x66d driver/clksys_driver.o
 .debug_info    0x00003dd3     0x1335 driver/TC_driver.o
 .debug_info    0x00005108      0x247 errorHandler.o
 .debug_info    0x0000534f      0xc58 FreeRTOS/event_groups.o
 .debug_info    0x00005fa7      0x1a0 FreeRTOS/heap_1.o
 .debug_info    0x00006147      0x2cf FreeRTOS/list.o
 .debug_info    0x00006416      0xadf FreeRTOS/port.o
 .debug_info    0x00006ef5     0x198f FreeRTOS/queue.o
 .debug_info    0x00008884     0x22f3 FreeRTOS/tasks.o
 .debug_info    0x0000ab77     0x12ac FreeRTOS/timers.o
 .debug_info    0x0000be23      0x338 init.o
 .debug_info    0x0000c15b     0x11e4 main.o
 .debug_info    0x0000d33f       0xd0 mem_check.o
 .debug_info    0x0000d40f     0x1a83 NHD0420Driver.o

.debug_abbrev   0x00000000     0x4f61
 *(.debug_abbrev)
 .debug_abbrev  0x00000000     0x3148 C:/Program Files (x86)/Atmel/Studio/7.0/Packs/atmel/XMEGAA_DFP/1.1.68/gcc/dev/atxmega128a3u/avrxmega6/crtatxmega128a3u.o
 .debug_abbrev  0x00003148      0x111 ButtonHandler.o
 .debug_abbrev  0x00003259      0x19d driver/clksys_driver.o
 .debug_abbrev  0x000033f6      0x187 driver/TC_driver.o
 .debug_abbrev  0x0000357d      0x187 errorHandler.o
 .debug_abbrev  0x00003704      0x237 FreeRTOS/event_groups.o
 .debug_abbrev  0x0000393b      0x136 FreeRTOS/heap_1.o
 .debug_abbrev  0x00003a71       0xff FreeRTOS/list.o
 .debug_abbrev  0x00003b70      0x29d FreeRTOS/port.o
 .debug_abbrev  0x00003e0d      0x2e0 FreeRTOS/queue.o
 .debug_abbrev  0x000040ed      0x35e FreeRTOS/tasks.o
 .debug_abbrev  0x0000444b      0x2fc FreeRTOS/timers.o
 .debug_abbrev  0x00004747       0xd5 init.o
 .debug_abbrev  0x0000481c      0x26a main.o
 .debug_abbrev  0x00004a86       0x96 mem_check.o
 .debug_abbrev  0x00004b1c      0x445 NHD0420Driver.o

.debug_line     0x00000000     0x4d5d
 *(.debug_line .debug_line.* .debug_line_end)
 .debug_line    0x00000000      0x39d C:/Program Files (x86)/Atmel/Studio/7.0/Packs/atmel/XMEGAA_DFP/1.1.68/gcc/dev/atxmega128a3u/avrxmega6/crtatxmega128a3u.o
 .debug_line    0x0000039d      0x253 ButtonHandler.o
 .debug_line    0x000005f0      0x249 driver/clksys_driver.o
 .debug_line    0x00000839      0x2fc driver/TC_driver.o
 .debug_line    0x00000b35      0x187 errorHandler.o
 .debug_line    0x00000cbc      0x4aa FreeRTOS/event_groups.o
 .debug_line    0x00001166      0x14c FreeRTOS/heap_1.o
 .debug_line    0x000012b2      0x1ea FreeRTOS/list.o
 .debug_line    0x0000149c      0x37e FreeRTOS/port.o
 .debug_line    0x0000181a      0xd1a FreeRTOS/queue.o
 .debug_line    0x00002534     0x12c5 FreeRTOS/tasks.o
 .debug_line    0x000037f9      0x57d FreeRTOS/timers.o
 .debug_line    0x00003d76      0x181 init.o
 .debug_line    0x00003ef7      0x429 main.o
 .debug_line    0x00004320       0x72 mem_check.o
 .debug_line    0x00004392      0x9cb NHD0420Driver.o

.debug_frame    0x00000000     0x1824
 *(.debug_frame)
 .debug_frame   0x00000000       0x44 ButtonHandler.o
 .debug_frame   0x00000044       0xdc driver/clksys_driver.o
 .debug_frame   0x00000120      0x174 driver/TC_driver.o
 .debug_frame   0x00000294       0x64 errorHandler.o
 .debug_frame   0x000002f8      0x228 FreeRTOS/event_groups.o
 .debug_frame   0x00000520       0x60 FreeRTOS/heap_1.o
 .debug_frame   0x00000580       0x90 FreeRTOS/list.o
 .debug_frame   0x00000610       0xa0 FreeRTOS/port.o
 .debug_frame   0x000006b0      0x418 FreeRTOS/queue.o
 .debug_frame   0x00000ac8      0x690 FreeRTOS/tasks.o
 .debug_frame   0x00001158      0x2ac FreeRTOS/timers.o
 .debug_frame   0x00001404       0x24 init.o
 .debug_frame   0x00001428      0x150 main.o
 .debug_frame   0x00001578       0x34 mem_check.o
 .debug_frame   0x000015ac      0x278 NHD0420Driver.o

.debug_str      0x00000000     0x56ce
 *(.debug_str)
 .debug_str     0x00000000     0x223b C:/Program Files (x86)/Atmel/Studio/7.0/Packs/atmel/XMEGAA_DFP/1.1.68/gcc/dev/atxmega128a3u/avrxmega6/crtatxmega128a3u.o
 .debug_str     0x0000223b      0x320 ButtonHandler.o
                                0x354 (size before relaxing)
 .debug_str     0x0000255b      0x640 driver/clksys_driver.o
                                0x7d0 (size before relaxing)
 .debug_str     0x00002b9b      0xb24 driver/TC_driver.o
                                0xccd (size before relaxing)
 .debug_str     0x000036bf       0xaa errorHandler.o
                                0x259 (size before relaxing)
 .debug_str     0x00003769      0x53a FreeRTOS/event_groups.o
                                0x757 (size before relaxing)
 .debug_str     0x00003ca3       0x8a FreeRTOS/heap_1.o
                                0x22e (size before relaxing)
 .debug_str     0x00003d2d       0x90 FreeRTOS/list.o
                                0x2c4 (size before relaxing)
 .debug_str     0x00003dbd      0x141 FreeRTOS/port.o
                                0x854 (size before relaxing)
 .debug_str     0x00003efe      0x543 FreeRTOS/queue.o
                                0x945 (size before relaxing)
 .debug_str     0x00004441      0x972 FreeRTOS/tasks.o
                                0xff5 (size before relaxing)
 .debug_str     0x00004db3      0x4d4 FreeRTOS/timers.o
                                0x8f0 (size before relaxing)
 .debug_str     0x00005287       0x17 init.o
                                0x515 (size before relaxing)
 .debug_str     0x0000529e      0x1d9 main.o
                                0x938 (size before relaxing)
 .debug_str     0x00005477       0x49 mem_check.o
                                0x1b9 (size before relaxing)
 .debug_str     0x000054c0      0x20e NHD0420Driver.o
                                0xabf (size before relaxing)

.debug_loc      0x00000000     0x8e46
 *(.debug_loc)
 .debug_loc     0x00000000       0x85 ButtonHandler.o
 .debug_loc     0x00000085      0x2cf driver/clksys_driver.o
 .debug_loc     0x00000354      0x336 driver/TC_driver.o
 .debug_loc     0x0000068a       0x97 errorHandler.o
 .debug_loc     0x00000721     0x1086 FreeRTOS/event_groups.o
 .debug_loc     0x000017a7       0xf1 FreeRTOS/heap_1.o
 .debug_loc     0x00001898      0x17d FreeRTOS/list.o
 .debug_loc     0x00001a15      0x33e FreeRTOS/port.o
 .debug_loc     0x00001d53     0x1d3d FreeRTOS/queue.o
 .debug_loc     0x00003a90     0x2997 FreeRTOS/tasks.o
 .debug_loc     0x00006427     0x1038 FreeRTOS/timers.o
 .debug_loc     0x0000745f      0x35e main.o
 .debug_loc     0x000077bd       0x24 mem_check.o
 .debug_loc     0x000077e1     0x1665 NHD0420Driver.o

.debug_macinfo
 *(.debug_macinfo)

.debug_weaknames
 *(.debug_weaknames)

.debug_funcnames
 *(.debug_funcnames)

.debug_typenames
 *(.debug_typenames)

.debug_varnames
 *(.debug_varnames)

.debug_pubtypes
 *(.debug_pubtypes)

.debug_ranges   0x00000000      0x818
 *(.debug_ranges)
 .debug_ranges  0x00000000       0x20 ButtonHandler.o
 .debug_ranges  0x00000020       0x58 driver/clksys_driver.o
 .debug_ranges  0x00000078       0xb8 driver/TC_driver.o
 .debug_ranges  0x00000130       0x30 errorHandler.o
 .debug_ranges  0x00000160       0x88 FreeRTOS/event_groups.o
 .debug_ranges  0x000001e8       0x28 FreeRTOS/heap_1.o
 .debug_ranges  0x00000210       0x30 FreeRTOS/list.o
 .debug_ranges  0x00000240       0x40 FreeRTOS/port.o
 .debug_ranges  0x00000280      0x138 FreeRTOS/queue.o
 .debug_ranges  0x000003b8      0x1d0 FreeRTOS/tasks.o
 .debug_ranges  0x00000588       0xe8 FreeRTOS/timers.o
 .debug_ranges  0x00000670       0x10 init.o
 .debug_ranges  0x00000680       0x50 main.o
 .debug_ranges  0x000006d0       0x18 mem_check.o
 .debug_ranges  0x000006e8      0x130 NHD0420Driver.o

.debug_macro
 *(.debug_macro)
OUTPUT(PiCalc.elf elf32-avr)
LOAD linker stubs
